Component: ARM Compiler 5.06 update 5 (build 528) Tool: armlink [4d35e2]

==============================================================================

Section Cross References

    system_stm32f10x.o(i.SetSysClock) refers to system_stm32f10x.o(i.SetSysClockTo72) for SetSysClockTo72
    system_stm32f10x.o(i.SystemCoreClockUpdate) refers to system_stm32f10x.o(.data) for SystemCoreClock
    system_stm32f10x.o(i.SystemInit) refers to system_stm32f10x.o(i.SetSysClock) for SetSysClock
    startup_stm32f10x_md.o(RESET) refers to startup_stm32f10x_md.o(STACK) for __initial_sp
    startup_stm32f10x_md.o(RESET) refers to startup_stm32f10x_md.o(.text) for Reset_Handler
    startup_stm32f10x_md.o(RESET) refers to stm32f10x_it.o(i.NMI_Handler) for NMI_Handler
    startup_stm32f10x_md.o(RESET) refers to stm32f10x_it.o(i.HardFault_Handler) for HardFault_Handler
    startup_stm32f10x_md.o(RESET) refers to stm32f10x_it.o(i.MemManage_Handler) for MemManage_Handler
    startup_stm32f10x_md.o(RESET) refers to stm32f10x_it.o(i.BusFault_Handler) for BusFault_Handler
    startup_stm32f10x_md.o(RESET) refers to stm32f10x_it.o(i.UsageFault_Handler) for UsageFault_Handler
    startup_stm32f10x_md.o(RESET) refers to stm32f10x_it.o(i.SVC_Handler) for SVC_Handler
    startup_stm32f10x_md.o(RESET) refers to stm32f10x_it.o(i.DebugMon_Handler) for DebugMon_Handler
    startup_stm32f10x_md.o(RESET) refers to stm32f10x_it.o(i.PendSV_Handler) for PendSV_Handler
    startup_stm32f10x_md.o(RESET) refers to delay.o(i.SysTick_Handler) for SysTick_Handler
    startup_stm32f10x_md.o(RESET) refers to stm32f10x_it.o(i.USB_LP_CAN1_RX0_IRQHandler) for USB_LP_CAN1_RX0_IRQHandler
    startup_stm32f10x_md.o(RESET) refers to scheduler.o(i.TIM1_UP_IRQHandler) for TIM1_UP_IRQHandler
    startup_stm32f10x_md.o(.text) refers to system_stm32f10x.o(i.SystemInit) for SystemInit
    startup_stm32f10x_md.o(.text) refers to entry.o(.ARM.Collect$$$$00000000) for __main
    stm32f10x_it.o(i.USB_LP_CAN1_RX0_IRQHandler) refers to usb_istr.o(i.USB_Istr) for USB_Istr
    main.o(i.main) refers to delay.o(i.cycleCounterInit) for cycleCounterInit
    main.o(i.main) refers to misc.o(i.NVIC_PriorityGroupConfig) for NVIC_PriorityGroupConfig
    main.o(i.main) refers to init.o(i.ALL_Init) for ALL_Init
    main.o(i.main) refers to ano_dt.o(i.ANTO_polling) for ANTO_polling
    main.o(i.main) refers to led.o(i.PilotLED) for PilotLED
    main.o(i.main) refers to system_stm32f10x.o(.data) for SystemCoreClock
    delay.o(i.GetSysTime_us) refers to init.o(.data) for SysTick_count
    delay.o(i.SysTick_Handler) refers to init.o(.data) for SysTick_count
    delay.o(i.cycleCounterInit) refers to system_stm32f10x.o(.data) for SystemCoreClock
    delay.o(i.delay_ms) refers to init.o(.data) for SysTick_count
    delay.o(i.delay_ms) refers to delay.o(.data) for last_systick
    scheduler.o(i.TIM1_UP_IRQHandler) refers to stm32f10x_tim.o(i.TIM_GetITStatus) for TIM_GetITStatus
    scheduler.o(i.TIM1_UP_IRQHandler) refers to flow.o(i.flow_data_sins) for flow_data_sins
    scheduler.o(i.TIM1_UP_IRQHandler) refers to control.o(i.FlowPidControl) for FlowPidControl
    scheduler.o(i.TIM1_UP_IRQHandler) refers to mpu6050.o(i.MpuGetData) for MpuGetData
    scheduler.o(i.TIM1_UP_IRQHandler) refers to control.o(i.AutoFlightManager) for AutoFlightManager
    scheduler.o(i.TIM1_UP_IRQHandler) refers to control.o(i.FlightPidControl) for FlightPidControl
    scheduler.o(i.TIM1_UP_IRQHandler) refers to control.o(i.MotorControl) for MotorControl
    scheduler.o(i.TIM1_UP_IRQHandler) refers to imu.o(i.GetAngle) for GetAngle
    scheduler.o(i.TIM1_UP_IRQHandler) refers to control.o(i.HeightPidControl) for HeightPidControl
    scheduler.o(i.TIM1_UP_IRQHandler) refers to flow.o(i.flow_get_data) for flow_get_data
    scheduler.o(i.TIM1_UP_IRQHandler) refers to stm32f10x_tim.o(i.TIM_ClearITPendingBit) for TIM_ClearITPendingBit
    scheduler.o(i.TIM1_UP_IRQHandler) refers to init.o(.data) for SysTick_count
    scheduler.o(i.TIM1_UP_IRQHandler) refers to scheduler.o(.data) for cnt_3ms
    scheduler.o(i.TIM1_UP_IRQHandler) refers to init.o(.bss) for Angle
    init.o(i.ALL_Init) refers to delay.o(i.delay_ms) for delay_ms
    init.o(i.ALL_Init) refers to usb_hid.o(i.USB_HID_Init) for USB_HID_Init
    init.o(i.ALL_Init) refers to iic_software.o(i.IIC_Init) for IIC_Init
    init.o(i.ALL_Init) refers to init.o(i.pid_param_Init) for pid_param_Init
    init.o(i.ALL_Init) refers to mpu6050.o(i.MpuInit) for MpuInit
    init.o(i.ALL_Init) refers to nrf24l01.o(i.NRF24L01_init) for NRF24L01_init
    init.o(i.ALL_Init) refers to tim.o(i.TIM2_PWM_Config) for TIM2_PWM_Config
    init.o(i.ALL_Init) refers to tim.o(i.TIM3_PWM_Config) for TIM3_PWM_Config
    init.o(i.ALL_Init) refers to tim.o(i.TIM1_Config) for TIM1_Config
    init.o(i.pid_param_Init) refers to init.o(.bss) for pidRateX
[...]
    I2c_ReadByte                             0x08002e6d   Thumb Code   188  iic_software.o(i.I2c_ReadByte)
    i.I2c_SendByte                           0x08002f2c   Section        0  iic_software.o(i.I2c_SendByte)
    I2c_SendByte                             0x08002f2d   Thumb Code   186  iic_software.o(i.I2c_SendByte)
    i.I2c_Start                              0x08002fec   Section        0  iic_software.o(i.I2c_Start)
    I2c_Start                                0x08002fed   Thumb Code   144  iic_software.o(i.I2c_Start)
    i.I2c_Stop                               0x08003080   Section        0  iic_software.o(i.I2c_Stop)
    I2c_Stop                                 0x08003081   Thumb Code   152  iic_software.o(i.I2c_Stop)
    i.I2c_WaitAck                            0x0800311c   Section        0  iic_software.o(i.I2c_WaitAck)
    I2c_WaitAck                              0x0800311d   Thumb Code   176  iic_software.o(i.I2c_WaitAck)
    i.IIC_Init                               0x080031d0   Section        0  iic_software.o(i.IIC_Init)
    i.IIC_Read_One_Byte                      0x080031fc   Section        0  iic_software.o(i.IIC_Read_One_Byte)
    i.IIC_Write_One_Byte                     0x08003260   Section        0  iic_software.o(i.IIC_Write_One_Byte)
    i.IIC_read_Bytes                         0x080032a4   Section        0  iic_software.o(i.IIC_read_Bytes)
    i.In0_Process                            0x08003330   Section        0  usb_core.o(i.In0_Process)
    i.Leave_LowPowerMode                     0x080033a0   Section        0  usb_config.o(i.Leave_LowPowerMode)
    i.MemManage_Handler                      0x080033c0   Section        0  stm32f10x_it.o(i.MemManage_Handler)
    i.MotorControl                           0x080033c4   Section        0  control.o(i.MotorControl)
    i.MpuGetData                             0x080036c8   Section        0  mpu6050.o(i.MpuGetData)
    i.MpuInit                                0x080037bc   Section        0  mpu6050.o(i.MpuInit)
    i.NMI_Handler                            0x08003840   Section        0  stm32f10x_it.o(i.NMI_Handler)
    i.NOP_Process                            0x08003842   Section        0  usb_core.o(i.NOP_Process)
    i.NRF24L01_Check                         0x08003844   Section        0  nrf24l01.o(i.NRF24L01_Check)
    i.NRF24L01_Configuration                 0x08003890   Section        0  nrf24l01.o(i.NRF24L01_Configuration)
    i.NRF24L01_Read_Buf                      0x080038fc   Section        0  nrf24l01.o(i.NRF24L01_Read_Buf)
    i.NRF24L01_Write_Buf                     0x08003940   Section        0  nrf24l01.o(i.NRF24L01_Write_Buf)
    i.NRF24L01_Write_Reg                     0x08003984   Section        0  nrf24l01.o(i.NRF24L01_Write_Reg)
    i.NRF24L01_init                          0x080039b4   Section        0  nrf24l01.o(i.NRF24L01_init)
    i.NVIC_Init                              0x080039cc   Section        0  misc.o(i.NVIC_Init)
    i.NVIC_PriorityGroupConfig               0x08003a3c   Section        0  misc.o(i.NVIC_PriorityGroupConfig)
    i.NoData_Setup0                          0x08003a50   Section        0  usb_core.o(i.NoData_Setup0)
    NoData_Setup0                            0x08003a51   Thumb Code   302  usb_core.o(i.NoData_Setup0)
    i.Out0_Process                           0x08003b94   Section        0  usb_core.o(i.Out0_Process)
    i.PMAToUserBufferCopy                    0x08003be4   Section        0  usb_mem.o(i.PMAToUserBufferCopy)
    i.PendSV_Handler                         0x08003c0c   Section        0  stm32f10x_it.o(i.PendSV_Handler)
    i.PilotLED                               0x08003c10   Section        0  led.o(i.PilotLED)
    i.Post0_Process                          0x08003d2c   Section        0  usb_core.o(i.Post0_Process)
    i.PowerOn                                0x08003d74   Section        0  usb_pwr.o(i.PowerOn)
    i.Q_rsqrt                                0x08003db4   Section        0  mymath.o(i.Q_rsqrt)
    i.RCC_APB1PeriphClockCmd                 0x08003e04   Section        0  stm32f10x_rcc.o(i.RCC_APB1PeriphClockCmd)
    i.RCC_APB2PeriphClockCmd                 0x08003e24   Section        0  stm32f10x_rcc.o(i.RCC_APB2PeriphClockCmd)
    i.RCC_USBCLKConfig                       0x08003e44   Section        0  stm32f10x_rcc.o(i.RCC_USBCLKConfig)
    i.RX_Mode                                0x08003e50   Section        0  nrf24l01.o(i.RX_Mode)
    i.Resume                                 0x08003ea8   Section        0  usb_pwr.o(i.Resume)
    i.Resume_Init                            0x08003f58   Section        0  usb_pwr.o(i.Resume_Init)
    i.SPI_Config                             0x08003f7c   Section        0  spi.o(i.SPI_Config)
    i.SPI_RW                                 0x08003fe8   Section        0  spi.o(i.SPI_RW)
    i.SVC_Handler                            0x0800404c   Section        0  stm32f10x_it.o(i.SVC_Handler)
    i.SetBTABLE                              0x08004050   Section        0  usb_regs.o(i.SetBTABLE)
    i.SetDeviceAddress                       0x08004060   Section        0  usb_core.o(i.SetDeviceAddress)
    i.SetEPRxAddr                            0x080040ac   Section        0  usb_regs.o(i.SetEPRxAddr)
    i.SetEPRxCount                           0x080040d0   Section        0  usb_regs.o(i.SetEPRxCount)
    i.SetEPRxStatus                          0x0800411c   Section        0  usb_regs.o(i.SetEPRxStatus)
    i.SetEPRxValid                           0x08004154   Section        0  usb_regs.o(i.SetEPRxValid)
    i.SetEPTxAddr                            0x08004180   Section        0  usb_regs.o(i.SetEPTxAddr)
    i.SetEPTxCount                           0x080041a0   Section        0  usb_regs.o(i.SetEPTxCount)
    i.SetEPTxStatus                          0x080041bc   Section        0  usb_regs.o(i.SetEPTxStatus)
    i.SetEPTxValid                           0x080041f4   Section        0  usb_regs.o(i.SetEPTxValid)
    i.SetEPType                              0x08004220   Section        0  usb_regs.o(i.SetEPType)
    i.SetSysClock                            0x08004244   Section        0  system_stm32f10x.o(i.SetSysClock)
    SetSysClock                              0x08004245   Thumb Code     8  system_stm32f10x.o(i.SetSysClock)
    i.SetSysClockTo72                        0x0800424c   Section        0  system_stm32f10x.o(i.SetSysClockTo72)
    SetSysClockTo72                          0x0800424d   Thumb Code   214  system_stm32f10x.o(i.SetSysClockTo72)
    i.Set_USBClock                           0x0800432c   Section        0  usb_config.o(i.Set_USBClock)
    i.Setup0_Process                         0x08004340   Section        0  usb_core.o(i.Setup0_Process)
    i.Standard_ClearFeature                  0x080043f0   Section        0  usb_core.o(i.Standard_ClearFeature)
    i.Standard_GetConfiguration              0x0800454c   Section        0  usb_core.o(i.Standard_GetConfiguration)
    i.Standard_GetDescriptorData             0x08004578   Section        0  usb_core.o(i.Standard_GetDescriptorData)
    i.Standard_GetInterface                  0x0800459c   Section        0  usb_core.o(i.Standard_GetInterface)
    i.Standard_GetStatus                     0x080045c8   Section        0  usb_core.o(i.Standard_GetStatus)
    i.Standard_SetConfiguration              0x080046b8   Section        0  usb_core.o(i.Standard_SetConfiguration)
    i.Standard_SetDeviceFeature              0x08004700   Section        0  usb_core.o(i.Standard_SetDeviceFeature)
    i.Standard_SetEndPointFeature            0x08004728   Section        0  usb_core.o(i.Standard_SetEndPointFeature)
    i.Standard_SetInterface                  0x080047e8   Section        0  usb_core.o(i.Standard_SetInterface)
    i.Suspend                                0x08004854   Section        0  usb_pwr.o(i.Suspend)
    i.SysTick_Handler                        0x0800487c   Section        0  delay.o(i.SysTick_Handler)
    i.SystemInit                             0x0800488c   Section        0  system_stm32f10x.o(i.SystemInit)
    i.TIM1_Config                            0x080048ec   Section        0  tim.o(i.TIM1_Config)
    i.TIM1_UP_IRQHandler                     0x08004950   Section        0  scheduler.o(i.TIM1_UP_IRQHandler)
    i.TIM2_PWM_Config                        0x08004a14   Section        0  tim.o(i.TIM2_PWM_Config)
    i.TIM3_PWM_Config                        0x08004adc   Section        0  tim.o(i.TIM3_PWM_Config)
    i.TIM_ARRPreloadConfig                   0x08004bbc   Section        0  stm32f10x_tim.o(i.TIM_ARRPreloadConfig)
    i.TIM_ClearITPendingBit                  0x08004bd4   Section        0  stm32f10x_tim.o(i.TIM_ClearITPendingBit)
    i.TIM_Cmd                                0x08004bda   Section        0  stm32f10x_tim.o(i.TIM_Cmd)
    i.TIM_GetITStatus                        0x08004bf2   Section        0  stm32f10x_tim.o(i.TIM_GetITStatus)
    i.TIM_ITConfig                           0x08004c14   Section        0  stm32f10x_tim.o(i.TIM_ITConfig)
    i.TIM_OC1Init                            0x08004c28   Section        0  stm32f10x_tim.o(i.TIM_OC1Init)
    i.TIM_OC1PreloadConfig                   0x08004cc0   Section        0  stm32f10x_tim.o(i.TIM_OC1PreloadConfig)
    i.TIM_OC2Init                            0x08004cd4   Section        0  stm32f10x_tim.o(i.TIM_OC2Init)
    i.TIM_OC2PreloadConfig                   0x08004d78   Section        0  stm32f10x_tim.o(i.TIM_OC2PreloadConfig)
    i.TIM_OC3Init                            0x08004d94   Section        0  stm32f10x_tim.o(i.TIM_OC3Init)
    i.TIM_OC3PreloadConfig                   0x08004e34   Section        0  stm32f10x_tim.o(i.TIM_OC3PreloadConfig)
    i.TIM_OC4Init                            0x08004e48   Section        0  stm32f10x_tim.o(i.TIM_OC4Init)
    i.TIM_OC4PreloadConfig                   0x08004ec4   Section        0  stm32f10x_tim.o(i.TIM_OC4PreloadConfig)
    i.TIM_TimeBaseInit                       0x08004ee0   Section        0  stm32f10x_tim.o(i.TIM_TimeBaseInit)
    i.USB_Cable_Config                       0x08004f84   Section        0  usb_config.o(i.USB_Cable_Config)
    i.USB_Connect                            0x08004f88   Section        0  usb_config.o(i.USB_Connect)
    i.USB_HID_Init                           0x08004fe0   Section        0  usb_hid.o(i.USB_HID_Init)
    i.USB_Init                               0x0800500c   Section        0  usb_init.o(i.USB_Init)
    i.USB_Interrupts_Config                  0x08005048   Section        0  usb_config.o(i.USB_Interrupts_Config)
    i.USB_Istr                               0x0800506c   Section        0  usb_istr.o(i.USB_Istr)
    i.USB_LP_CAN1_RX0_IRQHandler             0x08005164   Section        0  stm32f10x_it.o(i.USB_LP_CAN1_RX0_IRQHandler)
    i.UsageFault_Handler                     0x0800516c   Section        0  stm32f10x_it.o(i.UsageFault_Handler)
    i.Usb_Hid_Adddata                        0x08005170   Section        0  usb_hid.o(i.Usb_Hid_Adddata)
    i.Usb_Hid_Send                           0x0800519c   Section        0  usb_hid.o(i.Usb_Hid_Send)
    i.UserToPMABufferCopy                    0x0800536c   Section        0  usb_mem.o(i.UserToPMABufferCopy)
    i.__ARM_fpclassify                       0x080053a4   Section        0  fpclassify.o(i.__ARM_fpclassify)
    i.__ARM_fpclassifyf                      0x080053cc   Section        0  fpclassifyf.o(i.__ARM_fpclassifyf)
    i.__kernel_poly                          0x080053f2   Section        0  poly.o(i.__kernel_poly)
    i.__mathlib_dbl_infnan                   0x0800549c   Section        0  dunder.o(i.__mathlib_dbl_infnan)
    i.__mathlib_dbl_invalid                  0x080054a2   Section        0  dunder.o(i.__mathlib_dbl_invalid)
    i.__mathlib_dbl_underflow                0x080054b0   Section        0  dunder.o(i.__mathlib_dbl_underflow)
    i.__mathlib_flt_infnan                   0x080054c0   Section        0  funder.o(i.__mathlib_flt_infnan)
    i.__mathlib_flt_infnan2                  0x080054c6   Section        0  funder.o(i.__mathlib_flt_infnan2)
    i.__mathlib_flt_invalid                  0x080054ca   Section        0  funder.o(i.__mathlib_flt_invalid)
    i.__mathlib_flt_underflow                0x080054d2   Section        0  funder.o(i.__mathlib_flt_underflow)
    i.__mathlib_rredf2                       0x080054dc   Section        0  rredf.o(i.__mathlib_rredf2)
    i.__scatterload_copy                     0x08005644   Section       14  handlers.o(i.__scatterload_copy)
    i.__scatterload_null                     0x08005652   Section        2  handlers.o(i.__scatterload_null)
    i.__scatterload_zeroinit                 0x08005654   Section       14  handlers.o(i.__scatterload_zeroinit)
    i.__set_errno                            0x08005664   Section        0  errno.o(i.__set_errno)
    i.asin                                   0x08005670   Section        0  asin.o(i.asin)
    i.atan2f                                 0x080058e0   Section        0  atan2f.o(i.atan2f)
    i.cycleCounterInit                       0x08005b3c   Section        0  delay.o(i.cycleCounterInit)
    i.delay_ms                               0x08005b9c   Section        0  delay.o(i.delay_ms)
    i.flow_data_sins                         0x08005bc0   Section        0  flow.o(i.flow_data_sins)
    i.flow_get_data                          0x08005e90   Section        0  flow.o(i.flow_get_data)
    i.kalman_1                               0x08005f44   Section        0  kalman.o(i.kalman_1)
    i.main                                   0x08005f9c   Section        0  main.o(i.main)
    i.pidRest                                0x08006014   Section        0  pid.o(i.pidRest)
    i.pidUpdate                              0x08006046   Section        0  pid.o(i.pidUpdate)
    i.pid_param_Init                         0x080060b8   Section        0  init.o(i.pid_param_Init)
    i.sqrt                                   0x0800619c   Section        0  sqrt.o(i.sqrt)
    i.tanf                                   0x080061e8   Section        0  tanf.o(i.tanf)
    .constdata                               0x0800635c   Section       10  nrf24l01.o(.constdata)
    .constdata                               0x08006368   Section       24  mymath.o(.constdata)
    .constdata                               0x08006380   Section      134  usb_desc.o(.constdata)
    .constdata                               0x08006408   Section       80  asin.o(.constdata)
    pS                                       0x08006408   Data          48  asin.o(.constdata)
    qS                                       0x08006438   Data          32  asin.o(.constdata)
    .constdata                               0x08006458   Section       32  rredf.o(.constdata)
    twooverpi                                0x08006458   Data          32  rredf.o(.constdata)
    .data                                    0x20000000   Section       20  system_stm32f10x.o(.data)
    .data                                    0x20000014   Section        8  delay.o(.data)
    usTicks                                  0x20000014   Data           4  delay.o(.data)
    .data                                    0x2000001c   Section        3  scheduler.o(.data)
    cnt_3ms                                  0x2000001c   Data           1  scheduler.o(.data)
    cnt_6ms                                  0x2000001d   Data           1  scheduler.o(.data)
    cnt_24ms                                 0x2000001e   Data           1  scheduler.o(.data)
    .data                                    0x20000020   Section       14  init.o(.data)
    .data                                    0x2000002e   Section        5  usb_hid.o(.data)
    notfull_timeout                          0x20000032   Data           1  usb_hid.o(.data)
    .data                                    0x20000034   Section       14  flash.o(.data)
    .data                                    0x20000044   Section        8  led.o(.data)
    LastTime                                 0x20000048   Data           4  led.o(.data)
    .data                                    0x2000004c   Section       76  mpu6050.o(.data)
    pMpu                                     0x2000004c   Data           4  mpu6050.o(.data)
    ekf                                      0x20000050   Data          72  mpu6050.o(.data)
    .data                                    0x20000098   Section       71  flow.o(.data)
    .data                                    0x200000e0   Section        4  ano_dt.o(.data)
    ANTO_Recived_flag                        0x200000e2   Data           1  ano_dt.o(.data)
    status                                   0x200000e3   Data           1  ano_dt.o(.data)
    .data                                    0x200000e4   Section       80  control.o(.data)
    high_error_count                         0x20000124   Data           1  control.o(.data)
    status                                   0x2000012c   Data           1  control.o(.data)
    set_pos                                  0x2000012d   Data           1  control.o(.data)
    status                                   0x2000012e   Data           1  control.o(.data)
    acc_offset                               0x20000130   Data           2  control.o(.data)
    status                                   0x20000132   Data           1  control.o(.data)
    status                                   0x20000133   Data           1  control.o(.data)
    .data                                    0x20000134   Section       44  imu.o(.data)
    NormAccz                                 0x20000134   Data           4  imu.o(.data)
    ekf                                      0x20000148   Data          24  imu.o(.data)
    .data                                    0x20000160   Section        3  usb_core.o(.data)
    .data                                    0x20000164   Section       20  usb_init.o(.data)
    .data                                    0x20000178   Section        4  usb_int.o(.data)
    .data                                    0x2000017c   Section       26  usb_desc.o(.data)
    .data                                    0x20000198   Section       60  usb_istr.o(.data)
    .data                                    0x200001d4   Section      156  usb_prop.o(.data)
    .data                                    0x20000270   Section        7  usb_pwr.o(.data)
    .data                                    0x20000278   Section        4  errno.o(.data)
    _errno                                   0x20000278   Data           4  errno.o(.data)
    .bss                                     0x2000027c   Section      672  init.o(.bss)
    .bss                                     0x2000051c   Section      320  usb_hid.o(.bss)
    .bss                                     0x2000065c   Section       24  mpu6050.o(.bss)
    tBuff                                    0x20000668   Data          12  mpu6050.o(.bss)
    .bss                                     0x20000674   Section       16  flow.o(.bss)
    .bss                                     0x20000684   Section       54  ano_dt.o(.bss)
    RatePID                                  0x20000684   Data          18  ano_dt.o(.bss)
    AnglePID                                 0x20000696   Data          18  ano_dt.o(.bss)
    HighPID                                  0x200006a8   Data          18  ano_dt.o(.bss)
    .bss                                     0x200006bc   Section       12  imu.o(.bss)
    .bss                                     0x200006c8   Section       28  usb_init.o(.bss)
    .bss                                     0x200006e4   Section       64  usb_endp.o(.bss)
    STACK                                    0x20000728   Section     1536  startup_stm32f10x_md.o(STACK)

    Global Symbols

    Symbol Name                              Value     Ov Type        Size  Object(Section)

    BuildAttributes$$THM_ISAv4$P$D$K$B$S$PE$A:L22UL41UL21$X:L11$S22US41US21$IEEE1$IW$USESV6$~STKCKD$USESV7$~SHL$OTIME$ROPI$IEEEX$EBA8$MICROLIB$REQ8$PRES8$EABIv2 0x00000000   Number         0  anon$$obj.o ABSOLUTE
    __ARM_use_no_argv                        0x00000000   Number         0  main.o ABSOLUTE
    __cpp_initialize__aeabi_                  - Undefined Weak Reference
    __cxa_finalize                            - Undefined Weak Reference
    _clock_init                               - Undefined Weak Reference
    _microlib_exit                            - Undefined Weak Reference
    __Vectors_Size                           0x000000ec   Number         0  startup_stm32f10x_md.o ABSOLUTE
    __Vectors                                0x08000000   Data           4  startup_stm32f10x_md.o(RESET)
    __Vectors_End                            0x080000ec   Data           0  startup_stm32f10x_md.o(RESET)
    __main                                   0x080000ed   Thumb Code     0  entry.o(.ARM.Collect$$$$00000000)
    _main_stk                                0x080000ed   Thumb Code     0  entry2.o(.ARM.Collect$$$$00000001)
    _main_scatterload                        0x080000f1   Thumb Code     0  entry5.o(.ARM.Collect$$$$00000004)
    __main_after_scatterload                 0x080000f5   Thumb Code     0  entry5.o(.ARM.Collect$$$$00000004)
    _main_clock                              0x080000f5   Thumb Code     0  entry7b.o(.ARM.Collect$$$$00000008)
    _main_cpp_init                           0x080000f5   Thumb Code     0  entry8b.o(.ARM.Collect$$$$0000000A)
    _main_init                               0x080000f5   Thumb Code     0  entry9a.o(.ARM.Collect$$$$0000000B)
    __rt_final_cpp                           0x080000fd   Thumb Code     0  entry10a.o(.ARM.Collect$$$$0000000D)
    __rt_final_exit                          0x080000fd   Thumb Code     0  entry11a.o(.ARM.Collect$$$$0000000F)
    Reset_Handler                            0x08000101   Thumb Code     8  startup_stm32f10x_md.o(.text)
    ADC1_2_IRQHandler                        0x0800011b   Thumb Code     0  startup_stm32f10x_md.o(.text)
    CAN1_RX1_IRQHandler                      0x0800011b   Thumb Code     0  startup_stm32f10x_md.o(.text)
    CAN1_SCE_IRQHandler                      0x0800011b   Thumb Code     0  startup_stm32f10x_md.o(.text)
    DMA1_Channel1_IRQHandler                 0x0800011b   Thumb Code     0  startup_stm32f10x_md.o(.text)
    DMA1_Channel2_IRQHandler                 0x0800011b   Thumb Code     0  startup_stm32f10x_md.o(.text)
    DMA1_Channel3_IRQHandler                 0x0800011b   Thumb Code     0  startup_stm32f10x_md.o(.text)
    DMA1_Channel4_IRQHandler                 0x0800011b   Thumb Code     0  startup_stm32f10x_md.o(.text)
    DMA1_Channel5_IRQHandler                 0x0800011b   Thumb Code     0  startup_stm32f10x_md.o(.text)
    DMA1_Channel6_IRQHandler                 0x0800011b   Thumb Code     0  startup_stm32f10x_md.o(.text)
    DMA1_Channel7_IRQHandler                 0x0800011b   Thumb Code     0  startup_stm32f10x_md.o(.text)
    EXTI0_IRQHandler                         0x0800011b   Thumb Code     0  startup_stm32f10x_md.o(.text)
    EXTI15_10_IRQHandler                     0x0800011b   Thumb Code     0  startup_stm32f10x_md.o(.text)
    EXTI1_IRQHandler                         0x0800011b   Thumb Code     0  startup_stm32f10x_md.o(.text)
    EXTI2_IRQHandler                         0x0800011b   Thumb Code     0  startup_stm32f10x_md.o(.text)
    EXTI3_IRQHandler                         0x0800011b   Thumb Code     0  startup_stm32f10x_md.o(.text)
    EXTI4_IRQHandler                         0x0800011b   Thumb Code     0  startup_stm32f10x_md.o(.text)
    EXTI9_5_IRQHandler                       0x0800011b   Thumb Code     0  startup_stm32f10x_md.o(.text)
    FLASH_IRQHandler                         0x0800011b   Thumb Code     0  startup_stm32f10x_md.o(.text)
    I2C1_ER_IRQHandler                       0x0800011b   Thumb Code     0  startup_stm32f10x_md.o(.text)
    I2C1_EV_IRQHandler                       0x0800011b   Thumb Code     0  startup_stm32f10x_md.o(.text)
    I2C2_ER_IRQHandler                       0x0800011b   Thumb Code     0  startup_stm32f10x_md.o(.text)
    I2C2_EV_IRQHandler                       0x0800011b   Thumb Code     0  startup_stm32f10x_md.o(.text)
    PVD_IRQHandler                           0x0800011b   Thumb Code     0  startup_stm32f10x_md.o(.text)
    RCC_IRQHandler                           0x0800011b   Thumb Code     0  startup_stm32f10x_md.o(.text)
    RTCAlarm_IRQHandler                      0x0800011b   Thumb Code     0  startup_stm32f10x_md.o(.text)
    RTC_IRQHandler                           0x0800011b   Thumb Code     0  startup_stm32f10x_md.o(.text)
    SPI1_IRQHandler                          0x0800011b   Thumb Code     0  startup_stm32f10x_md.o(.text)
    SPI2_IRQHandler                          0x0800011b   Thumb Code     0  startup_stm32f10x_md.o(.text)
    TAMPER_IRQHandler                        0x0800011b   Thumb Code     0  startup_stm32f10x_md.o(.text)
    TIM1_BRK_IRQHandler                      0x0800011b   Thumb Code     0  startup_stm32f10x_md.o(.text)
    TIM1_CC_IRQHandler                       0x0800011b   Thumb Code     0  startup_stm32f10x_md.o(.text)
    TIM1_TRG_COM_IRQHandler                  0x0800011b   Thumb Code     0  startup_stm32f10x_md.o(.text)
    TIM2_IRQHandler                          0x0800011b   Thumb Code     0  startup_stm32f10x_md.o(.text)
    TIM3_IRQHandler                          0x0800011b   Thumb Code     0  startup_stm32f10x_md.o(.text)
    TIM4_IRQHandler                          0x0800011b   Thumb Code     0  startup_stm32f10x_md.o(.text)
    USART1_IRQHandler                        0x0800011b   Thumb Code     0  startup_stm32f10x_md.o(.text)
    USART2_IRQHandler                        0x0800011b   Thumb Code     0  startup_stm32f10x_md.o(.text)
    USART3_IRQHandler                        0x0800011b   Thumb Code     0  startup_stm32f10x_md.o(.text)
    USBWakeUp_IRQHandler                     0x0800011b   Thumb Code     0  startup_stm32f10x_md.o(.text)
    USB_HP_CAN1_TX_IRQHandler                0x0800011b   Thumb Code     0  startup_stm32f10x_md.o(.text)
    WWDG_IRQHandler                          0x0800011b   Thumb Code     0  startup_stm32f10x_md.o(.text)
    __aeabi_fadd                             0x08000125   Thumb Code   164  fadd.o(.text)
    __aeabi_fsub                             0x080001c9   Thumb Code     6  fadd.o(.text)
    __aeabi_frsub                            0x080001cf   Thumb Code     6  fadd.o(.text)
    __aeabi_fmul                             0x080001d5   Thumb Code   100  fmul.o(.text)
    __aeabi_fdiv                             0x08000239   Thumb Code   124  fdiv.o(.text)
    __aeabi_dadd                             0x080002b5   Thumb Code   322  dadd.o(.text)
    __aeabi_dsub                             0x080003f7   Thumb Code     6  dadd.o(.text)
    __aeabi_drsub                            0x080003fd   Thumb Code     6  dadd.o(.text)
    __aeabi_dmul                             0x08000403   Thumb Code   228  dmul.o(.text)
    __aeabi_i2f                              0x080004e7   Thumb Code    18  fflti.o(.text)
    __aeabi_ui2f                             0x080004f9   Thumb Code    10  ffltui.o(.text)
    __aeabi_ui2d                             0x08000503   Thumb Code    26  dfltui.o(.text)
    __aeabi_f2iz                             0x0800051d   Thumb Code    50  ffixi.o(.text)
    __aeabi_d2uiz                            0x0800054f   Thumb Code    50  dfixui.o(.text)
    __aeabi_f2d                              0x08000581   Thumb Code    38  f2d.o(.text)
    __aeabi_d2f                              0x080005a7   Thumb Code    56  d2f.o(.text)
    __aeabi_cfcmpeq                          0x080005e1   Thumb Code     0  cfcmple.o(.text)
    __aeabi_cfcmple                          0x080005e1   Thumb Code    20  cfcmple.o(.text)
    __aeabi_cfrcmple                         0x080005f5   Thumb Code    20  cfrcmple.o(.text)
    __aeabi_llsl                             0x08000609   Thumb Code    30  llshl.o(.text)
    _ll_shift_l                              0x08000609   Thumb Code     0  llshl.o(.text)
    __aeabi_llsr                             0x08000627   Thumb Code    32  llushr.o(.text)
    _ll_ushift_r                             0x08000627   Thumb Code     0  llushr.o(.text)
    __aeabi_lasr                             0x08000647   Thumb Code    36  llsshr.o(.text)
    _ll_sshift_r                             0x08000647   Thumb Code     0  llsshr.o(.text)
    __I$use$fp                               0x0800066b   Thumb Code     0  iusefp.o(.text)
    _float_round                             0x0800066b   Thumb Code    18  fepilogue.o(.text)
    _float_epilogue                          0x0800067d   Thumb Code    92  fepilogue.o(.text)
    __ARM_scalbnf                            0x080006d9   Thumb Code    24  fscalb.o(.text)
    scalbnf                                  0x080006d9   Thumb Code     0  fscalb.o(.text)
    _frnd                                    0x080006f1   Thumb Code    60  frnd.o(.text)
    _double_round                            0x0800072d   Thumb Code    30  depilogue.o(.text)
    _double_epilogue                         0x0800074b   Thumb Code   156  depilogue.o(.text)
    __aeabi_ddiv                             0x080007e7   Thumb Code   222  ddiv.o(.text)
    __ARM_scalbn                             0x080008c5   Thumb Code    46  dscalb.o(.text)
    scalbn                                   0x080008c5   Thumb Code     0  dscalb.o(.text)
    __scatterload                            0x080008f5   Thumb Code    28  init.o(.text)
    __scatterload_rt2                        0x080008f5   Thumb Code     0  init.o(.text)
    _dsqrt                                   0x08000919   Thumb Code   162  dsqrt.o(.text)
    __decompress                             0x080009bb   Thumb Code     0  __dczerorl2.o(.text)
    __decompress1                            0x080009bb   Thumb Code    86  __dczerorl2.o(.text)
    ALL_Init                                 0x08000a11   Thumb Code    44  init.o(i.ALL_Init)
    ANTO_Send                                0x08000a3d   Thumb Code   738  ano_dt.o(i.ANTO_Send)
    ANTO_polling                             0x08000d55   Thumb Code   540  ano_dt.o(i.ANTO_polling)
    AutoFlightManager                        0x08000f9d   Thumb Code   494  control.o(i.AutoFlightManager)
    BusFault_Handler                         0x080011b1   Thumb Code     4  stm32f10x_it.o(i.BusFault_Handler)
    ByteSwap                                 0x080011b5   Thumb Code    12  usb_regs.o(i.ByteSwap)
    CTR_LP                                   0x080011c1   Thumb Code   774  usb_int.o(i.CTR_LP)
    ClearDTOG_RX                             0x080014e9   Thumb Code    46  usb_regs.o(i.ClearDTOG_RX)
    ClearDTOG_TX                             0x0800151d   Thumb Code    46  usb_regs.o(i.ClearDTOG_TX)
    Clear_Status_Out                         0x08001551   Thumb Code    28  usb_regs.o(i.Clear_Status_Out)
    CustomHID_Data_Setup                     0x08001571   Thumb Code   108  usb_prop.o(i.CustomHID_Data_Setup)
    CustomHID_GetConfigDescriptor            0x080015ed   Thumb Code    14  usb_prop.o(i.CustomHID_GetConfigDescriptor)
    CustomHID_GetDeviceDescriptor            0x08001601   Thumb Code    14  usb_prop.o(i.CustomHID_GetDeviceDescriptor)
    CustomHID_GetHIDDescriptor               0x08001615   Thumb Code    14  usb_prop.o(i.CustomHID_GetHIDDescriptor)
    CustomHID_GetProtocolValue               0x08001629   Thumb Code    20  usb_prop.o(i.CustomHID_GetProtocolValue)
    CustomHID_GetReportDescriptor            0x08001645   Thumb Code    14  usb_prop.o(i.CustomHID_GetReportDescriptor)
    CustomHID_GetStringDescriptor            0x08001659   Thumb Code    32  usb_prop.o(i.CustomHID_GetStringDescriptor)
    CustomHID_Get_Interface_Setting          0x08001681   Thumb Code    22  usb_prop.o(i.CustomHID_Get_Interface_Setting)
    CustomHID_NoData_Setup                   0x08001699   Thumb Code    32  usb_prop.o(i.CustomHID_NoData_Setup)
    CustomHID_Reset                          0x080016bd   Thumb Code   176  usb_prop.o(i.CustomHID_Reset)
    CustomHID_SetConfiguration               0x0800177d   Thumb Code    16  usb_prop.o(i.CustomHID_SetConfiguration)
    CustomHID_SetDeviceAddress               0x08001795   Thumb Code     8  usb_prop.o(i.CustomHID_SetDeviceAddress)
    CustomHID_SetProtocol                    0x080017a1   Thumb Code    14  usb_prop.o(i.CustomHID_SetProtocol)
    CustomHID_Status_In                      0x080017b9   Thumb Code     2  usb_prop.o(i.CustomHID_Status_In)
    CustomHID_Status_Out                     0x080017bb   Thumb Code     2  usb_prop.o(i.CustomHID_Status_Out)
    CustomHID_init                           0x080017bd   Thumb Code    50  usb_prop.o(i.CustomHID_init)
    DebugMon_Handler                         0x08001c15   Thumb Code     2  stm32f10x_it.o(i.DebugMon_Handler)
    EP1_OUT_Callback                         0x08001c19   Thumb Code    28  usb_endp.o(i.EP1_OUT_Callback)
    EP2_IN_Callback                          0x08001c3d   Thumb Code    20  usb_endp.o(i.EP2_IN_Callback)
    Enter_LowPowerMode                       0x08001c55   Thumb Code     8  usb_config.o(i.Enter_LowPowerMode)
    FLASH_read                               0x08001c61   Thumb Code    40  flash.o(i.FLASH_read)
    FlightPidControl                         0x08001c91   Thumb Code   366  control.o(i.FlightPidControl)
    FlowPidControl                           0x08001e3d   Thumb Code   564  control.o(i.FlowPidControl)
    GPIO_Init                                0x080020c1   Thumb Code   278  stm32f10x_gpio.o(i.GPIO_Init)
    GPIO_ResetBits                           0x080021d7   Thumb Code     4  stm32f10x_gpio.o(i.GPIO_ResetBits)
    GPIO_SetBits                             0x080021db   Thumb Code     4  stm32f10x_gpio.o(i.GPIO_SetBits)
    GetAngle                                 0x080021e1   Thumb Code  1878  imu.o(i.GetAngle)
    GetEPRxAddr                              0x08002951   Thumb Code    24  usb_regs.o(i.GetEPRxAddr)
    GetEPTxAddr                              0x08002971   Thumb Code    22  usb_regs.o(i.GetEPTxAddr)
    GetNormAccz                              0x08002991   Thumb Code    26  imu.o(i.GetNormAccz)
    Get_SerialNum                            0x080029b5   Thumb Code    62  usb_config.o(i.Get_SerialNum)
    HardFault_Handler                        0x080029fd   Thumb Code     4  stm32f10x_it.o(i.HardFault_Handler)
    HeightPidControl                         0x08002a01   Thumb Code   638  control.o(i.HeightPidControl)
    IIC_Init                                 0x080031d1   Thumb Code    38  iic_software.o(i.IIC_Init)
    IIC_Read_One_Byte                        0x080031fd   Thumb Code   100  iic_software.o(i.IIC_Read_One_Byte)
    IIC_Write_One_Byte                       0x08003261   Thumb Code    68  iic_software.o(i.IIC_Write_One_Byte)
    IIC_read_Bytes                           0x080032a5   Thumb Code   140  iic_software.o(i.IIC_read_Bytes)
    In0_Process                              0x08003331   Thumb Code    98  usb_core.o(i.In0_Process)
    Leave_LowPowerMode                       0x080033a1   Thumb Code    22  usb_config.o(i.Leave_LowPowerMode)
    MemManage_Handler                        0x080033c1   Thumb Code     4  stm32f10x_it.o(i.MemManage_Handler)
    MotorControl                             0x080033c5   Thumb Code   714  control.o(i.MotorControl)
    MpuGetData                               0x080036c9   Thumb Code   220  mpu6050.o(i.MpuGetData)
    MpuInit                                  0x080037bd   Thumb Code   128  mpu6050.o(i.MpuInit)
    NMI_Handler                              0x08003841   Thumb Code     2  stm32f10x_it.o(i.NMI_Handler)
    NOP_Process                              0x08003843   Thumb Code     2  usb_core.o(i.NOP_Process)
    NRF24L01_Check                           0x08003845   Thumb Code    68  nrf24l01.o(i.NRF24L01_Check)
    NRF24L01_Configuration                   0x08003891   Thumb Code   100  nrf24l01.o(i.NRF24L01_Configuration)
    NRF24L01_Read_Buf                        0x080038fd   Thumb Code    62  nrf24l01.o(i.NRF24L01_Read_Buf)
    NRF24L01_Write_Buf                       0x08003941   Thumb Code    62  nrf24l01.o(i.NRF24L01_Write_Buf)
    NRF24L01_Write_Reg                       0x08003985   Thumb Code    42  nrf24l01.o(i.NRF24L01_Write_Reg)
    NRF24L01_init                            0x080039b5   Thumb Code    22  nrf24l01.o(i.NRF24L01_init)
    NVIC_Init                                0x080039cd   Thumb Code   100  misc.o(i.NVIC_Init)
    NVIC_PriorityGroupConfig                 0x08003a3d   Thumb Code    10  misc.o(i.NVIC_PriorityGroupConfig)
    Out0_Process                             0x08003b95   Thumb Code    70  usb_core.o(i.Out0_Process)
    PMAToUserBufferCopy                      0x08003be5   Thumb Code    34  usb_mem.o(i.PMAToUserBufferCopy)
    PendSV_Handler                           0x08003c0d   Thumb Code     2  stm32f10x_it.o(i.PendSV_Handler)
    PilotLED                                 0x08003c11   Thumb Code   264  led.o(i.PilotLED)
    Post0_Process                            0x08003d2d   Thumb Code    54  usb_core.o(i.Post0_Process)
    PowerOn                                  0x08003d75   Thumb Code    54  usb_pwr.o(i.PowerOn)
    Q_rsqrt                                  0x08003db5   Thumb Code    74  mymath.o(i.Q_rsqrt)
    RCC_APB1PeriphClockCmd                   0x08003e05   Thumb Code    26  stm32f10x_rcc.o(i.RCC_APB1PeriphClockCmd)
    RCC_APB2PeriphClockCmd                   0x08003e25   Thumb Code    26  stm32f10x_rcc.o(i.RCC_APB2PeriphClockCmd)
    RCC_USBCLKConfig                         0x08003e45   Thumb Code     6  stm32f10x_rcc.o(i.RCC_USBCLKConfig)
    RX_Mode                                  0x08003e51   Thumb Code    80  nrf24l01.o(i.RX_Mode)
    Resume                                   0x08003ea9   Thumb Code   168  usb_pwr.o(i.Resume)
    Resume_Init                              0x08003f59   Thumb Code    30  usb_pwr.o(i.Resume_Init)
    SPI_Config                               0x08003f7d   Thumb Code   104  spi.o(i.SPI_Config)
    SPI_RW                                   0x08003fe9   Thumb Code    94  spi.o(i.SPI_RW)
    SVC_Handler                              0x0800404d   Thumb Code     2  stm32f10x_it.o(i.SVC_Handler)
    SetBTABLE                                0x08004051   Thumb Code    12  usb_regs.o(i.SetBTABLE)
    SetDeviceAddress                         0x08004061   Thumb Code    62  usb_core.o(i.SetDeviceAddress)
    SetEPRxAddr                              0x080040ad   Thumb Code    26  usb_regs.o(i.SetEPRxAddr)
    SetEPRxCount                             0x080040d1   Thumb Code    68  usb_regs.o(i.SetEPRxCount)
    SetEPRxStatus                            0x0800411d   Thumb Code    52  usb_regs.o(i.SetEPRxStatus)
    SetEPRxValid                             0x08004155   Thumb Code    38  usb_regs.o(i.SetEPRxValid)
    SetEPTxAddr                              0x08004181   Thumb Code    24  usb_regs.o(i.SetEPTxAddr)
    SetEPTxCount                             0x080041a1   Thumb Code    20  usb_regs.o(i.SetEPTxCount)
    SetEPTxStatus                            0x080041bd   Thumb Code    52  usb_regs.o(i.SetEPTxStatus)
    SetEPTxValid                             0x080041f5   Thumb Code    38  usb_regs.o(i.SetEPTxValid)
    SetEPType                                0x08004221   Thumb Code    32  usb_regs.o(i.SetEPType)
    Set_USBClock                             0x0800432d   Thumb Code    18  usb_config.o(i.Set_USBClock)
    Setup0_Process                           0x08004341   Thumb Code   162  usb_core.o(i.Setup0_Process)
    Standard_ClearFeature                    0x080043f1   Thumb Code   326  usb_core.o(i.Standard_ClearFeature)
    Standard_GetConfiguration                0x0800454d   Thumb Code    34  usb_core.o(i.Standard_GetConfiguration)
    Standard_GetDescriptorData               0x08004579   Thumb Code    32  usb_core.o(i.Standard_GetDescriptorData)
    Standard_GetInterface                    0x0800459d   Thumb Code    34  usb_core.o(i.Standard_GetInterface)
    Standard_GetStatus                       0x080045c9   Thumb Code   224  usb_core.o(i.Standard_GetStatus)
    Standard_SetConfiguration                0x080046b9   Thumb Code    60  usb_core.o(i.Standard_SetConfiguration)
    Standard_SetDeviceFeature                0x08004701   Thumb Code    30  usb_core.o(i.Standard_SetDeviceFeature)
    Standard_SetEndPointFeature              0x08004729   Thumb Code   176  usb_core.o(i.Standard_SetEndPointFeature)
    Standard_SetInterface                    0x080047e9   Thumb Code    96  usb_core.o(i.Standard_SetInterface)
    Suspend                                  0x08004855   Thumb Code    34  usb_pwr.o(i.Suspend)
    SysTick_Handler                          0x0800487d   Thumb Code    12  delay.o(i.SysTick_Handler)
    SystemInit                               0x0800488d   Thumb Code    78  system_stm32f10x.o(i.SystemInit)
    TIM1_Config                              0x080048ed   Thumb Code    94  tim.o(i.TIM1_Config)
    TIM1_UP_IRQHandler                       0x08004951   Thumb Code   152  scheduler.o(i.TIM1_UP_IRQHandler)
    TIM2_PWM_Config                          0x08004a15   Thumb Code   194  tim.o(i.TIM2_PWM_Config)
    TIM3_PWM_Config                          0x08004add   Thumb Code   210  tim.o(i.TIM3_PWM_Config)
    TIM_ARRPreloadConfig                     0x08004bbd   Thumb Code    24  stm32f10x_tim.o(i.TIM_ARRPreloadConfig)
    TIM_ClearITPendingBit                    0x08004bd5   Thumb Code     6  stm32f10x_tim.o(i.TIM_ClearITPendingBit)
    TIM_Cmd                                  0x08004bdb   Thumb Code    24  stm32f10x_tim.o(i.TIM_Cmd)
    TIM_GetITStatus                          0x08004bf3   Thumb Code    34  stm32f10x_tim.o(i.TIM_GetITStatus)
    TIM_ITConfig                             0x08004c15   Thumb Code    18  stm32f10x_tim.o(i.TIM_ITConfig)
    TIM_OC1Init                              0x08004c29   Thumb Code   132  stm32f10x_tim.o(i.TIM_OC1Init)
    TIM_OC1PreloadConfig                     0x08004cc1   Thumb Code    18  stm32f10x_tim.o(i.TIM_OC1PreloadConfig)
    TIM_OC2Init                              0x08004cd5   Thumb Code   154  stm32f10x_tim.o(i.TIM_OC2Init)
    TIM_OC2PreloadConfig                     0x08004d79   Thumb Code    26  stm32f10x_tim.o(i.TIM_OC2PreloadConfig)
    TIM_OC3Init                              0x08004d95   Thumb Code   150  stm32f10x_tim.o(i.TIM_OC3Init)
    TIM_OC3PreloadConfig                     0x08004e35   Thumb Code    18  stm32f10x_tim.o(i.TIM_OC3PreloadConfig)
    TIM_OC4Init                              0x08004e49   Thumb Code   114  stm32f10x_tim.o(i.TIM_OC4Init)
    TIM_OC4PreloadConfig                     0x08004ec5   Thumb Code    26  stm32f10x_tim.o(i.TIM_OC4PreloadConfig)
    TIM_TimeBaseInit                         0x08004ee1   Thumb Code   122  stm32f10x_tim.o(i.TIM_TimeBaseInit)
    USB_Cable_Config                         0x08004f85   Thumb Code     2  usb_config.o(i.USB_Cable_Config)
    USB_Connect                              0x08004f89   Thumb Code    78  usb_config.o(i.USB_Connect)
    USB_HID_Init                             0x08004fe1   Thumb Code    38  usb_hid.o(i.USB_HID_Init)
    USB_Init                                 0x0800500d   Thumb Code    36  usb_init.o(i.USB_Init)
    USB_Interrupts_Config                    0x08005049   Thumb Code    34  usb_config.o(i.USB_Interrupts_Config)
    USB_Istr                                 0x0800506d   Thumb Code   222  usb_istr.o(i.USB_Istr)
    USB_LP_CAN1_RX0_IRQHandler               0x08005165   Thumb Code     8  stm32f10x_it.o(i.USB_LP_CAN1_RX0_IRQHandler)
    UsageFault_Handler                       0x0800516d   Thumb Code     4  stm32f10x_it.o(i.UsageFault_Handler)
    Usb_Hid_Adddata                          0x08005171   Thumb Code    36  usb_hid.o(i.Usb_Hid_Adddata)
    Usb_Hid_Send                             0x0800519d   Thumb Code   438  usb_hid.o(i.Usb_Hid_Send)
    UserToPMABufferCopy                      0x0800536d   Thumb Code    52  usb_mem.o(i.UserToPMABufferCopy)
    __ARM_fpclassify                         0x080053a5   Thumb Code    40  fpclassify.o(i.__ARM_fpclassify)
    __ARM_fpclassifyf                        0x080053cd   Thumb Code    38  fpclassifyf.o(i.__ARM_fpclassifyf)
    __kernel_poly                            0x080053f3   Thumb Code   170  poly.o(i.__kernel_poly)
    __mathlib_dbl_infnan                     0x0800549d   Thumb Code     6  dunder.o(i.__mathlib_dbl_infnan)
    __mathlib_dbl_invalid                    0x080054a3   Thumb Code    12  dunder.o(i.__mathlib_dbl_invalid)
    __mathlib_dbl_underflow                  0x080054b1   Thumb Code    10  dunder.o(i.__mathlib_dbl_underflow)
    __mathlib_flt_infnan                     0x080054c1   Thumb Code     6  funder.o(i.__mathlib_flt_infnan)
    __mathlib_flt_infnan2                    0x080054c7   Thumb Code     4  funder.o(i.__mathlib_flt_infnan2)
    __mathlib_flt_invalid                    0x080054cb   Thumb Code     8  funder.o(i.__mathlib_flt_invalid)
    __mathlib_flt_underflow                  0x080054d3   Thumb Code    10  funder.o(i.__mathlib_flt_underflow)
    __mathlib_rredf2                         0x080054dd   Thumb Code   344  rredf.o(i.__mathlib_rredf2)
    __scatterload_copy                       0x08005645   Thumb Code    14  handlers.o(i.__scatterload_copy)
    __scatterload_null                       0x08005653   Thumb Code     2  handlers.o(i.__scatterload_null)
    __scatterload_zeroinit                   0x08005655   Thumb Code    14  handlers.o(i.__scatterload_zeroinit)
    __set_errno                              0x08005665   Thumb Code     6  errno.o(i.__set_errno)
    asin                                     0x08005671   Thumb Code   572  asin.o(i.asin)
    atan2f                                   0x080058e1   Thumb Code   528  atan2f.o(i.atan2f)
    cycleCounterInit                         0x08005b3d   Thumb Code    84  delay.o(i.cycleCounterInit)
    delay_ms                                 0x08005b9d   Thumb Code    26  delay.o(i.delay_ms)
    flow_data_sins                           0x08005bc1   Thumb Code   632  flow.o(i.flow_data_sins)
    flow_get_data                            0x08005e91   Thumb Code   160  flow.o(i.flow_get_data)
    kalman_1                                 0x08005f45   Thumb Code    88  kalman.o(i.kalman_1)
    main                                     0x08005f9d   Thumb Code   108  main.o(i.main)
    pidRest                                  0x08006015   Thumb Code    50  pid.o(i.pidRest)
    pidUpdate                                0x08006047   Thumb Code   114  pid.o(i.pidUpdate)
    pid_param_Init                           0x080060b9   Thumb Code   134  init.o(i.pid_param_Init)
    sqrt                                     0x0800619d   Thumb Code    76  sqrt.o(i.sqrt)
    tanf                                     0x080061e9   Thumb Code   314  tanf.o(i.tanf)
    TX_ADDRESS                               0x0800635c   Data           5  nrf24l01.o(.constdata)
    RX_ADDRESS                               0x08006361   Data           5  nrf24l01.o(.constdata)
    M_PI                                     0x08006368   Data           4  mymath.o(.constdata)
    RtA                                      0x0800636c   Data           4  mymath.o(.constdata)
    AtR                                      0x08006370   Data           4  mymath.o(.constdata)
    Gyro_G                                   0x08006374   Data           4  mymath.o(.constdata)
    Gyro_Gr                                  0x08006378   Data           4  mymath.o(.constdata)
    PI_2                                     0x0800637c   Data           4  mymath.o(.constdata)
    CustomHID_DeviceDescriptor               0x08006380   Data          18  usb_desc.o(.constdata)
    CustomHID_ConfigDescriptor               0x08006392   Data          41  usb_desc.o(.constdata)
    CustomHID_ReportDescriptor               0x080063bb   Data          33  usb_desc.o(.constdata)
    CustomHID_StringLangID                   0x080063dc   Data           4  usb_desc.o(.constdata)
    CustomHID_StringVendor                   0x080063e0   Data          20  usb_desc.o(.constdata)
    CustomHID_StringProduct                  0x080063f4   Data          18  usb_desc.o(.constdata)
    Region$$Table$$Base                      0x08006478   Number         0  anon$$obj.o(Region$$Table)
    Region$$Table$$Limit                     0x08006498   Number         0  anon$$obj.o(Region$$Table)
    SystemCoreClock                          0x20000000   Data           4  system_stm32f10x.o(.data)
    AHBPrescTable                            0x20000004   Data          16  system_stm32f10x.o(.data)
    last_systick                             0x20000018   Data           4  delay.o(.data)
    SysTick_count                            0x20000020   Data           4  init.o(.data)
    ALL_flag                                 0x20000024   Data           1  init.o(.data)
    motor_PWM_Value                          0x20000026   Data           8  init.o(.data)
    USB_ReceiveFlg                           0x2000002e   Data           1  usb_hid.o(.data)
    HID_SEND_TIMEOUT                         0x2000002f   Data           1  usb_hid.o(.data)
    hid_datatemp_begin                       0x20000030   Data           1  usb_hid.o(.data)
    hid_datatemp_end                         0x20000031   Data           1  usb_hid.o(.data)
    EraseCounter                             0x20000034   Data           4  flash.o(.data)
    Address                                  0x20000038   Data           4  flash.o(.data)
    First_Page                               0x2000003c   Data           4  flash.o(.data)
    FLASHStatus                              0x20000040   Data           1  flash.o(.data)
    MemoryProgramStatus                      0x20000041   Data           1  flash.o(.data)
    LED                                      0x20000044   Data           4  led.o(.data)
    gyroX_i                                  0x20000098   Data           4  flow.o(.data)
    gyroY_i                                  0x2000009c   Data           4  flow.o(.data)
    flow_x_i                                 0x200000a0   Data           4  flow.o(.data)
    flow_y_i                                 0x200000a4   Data           4  flow.o(.data)
    flow_x_vel_lpf_i                         0x200000a8   Data           4  flow.o(.data)
    flow_y_vel_lpf_i                         0x200000ac   Data           4  flow.o(.data)
    flow_x_pos_lpf_i                         0x200000b0   Data           4  flow.o(.data)
    flow_y_pos_lpf_i                         0x200000b4   Data           4  flow.o(.data)
    flow_x_lpf_att_i                         0x200000b8   Data           4  flow.o(.data)
    flow_y_lpf_att_i                         0x200000bc   Data           4  flow.o(.data)
    flow_x_att                               0x200000c0   Data           4  flow.o(.data)
    flow_y_att                               0x200000c4   Data           4  flow.o(.data)
    flow_vel_x_i                             0x200000c8   Data           4  flow.o(.data)
    flow_vel_y_i                             0x200000cc   Data           4  flow.o(.data)
    last_flow_pos_x_i                        0x200000d0   Data           4  flow.o(.data)
    last_flow_pos_y_i                        0x200000d4   Data           4  flow.o(.data)
    temp_data                                0x200000d8   Data           6  flow.o(.data)
    error_count                              0x200000de   Data           1  flow.o(.data)
    checkPID                                 0x200000e0   Data           2  ano_dt.o(.data)
    pPidObject                               0x200000e4   Data          48  control.o(.data)
    sins_high                                0x20000114   Data           4  control.o(.data)
    sins_vel                                 0x20000118   Data           4  control.o(.data)
    thr_hold                                 0x2000011c   Data           2  control.o(.data)
    VL53L01_high                             0x20000120   Data           4  control.o(.data)
    set_high                                 0x20000125   Data           1  control.o(.data)
    auto_flight_state                        0x20000126   Data           1  control.o(.data)
    auto_counter                             0x20000128   Data           2  control.o(.data)
    low_thr_cnt                              0x2000012a   Data           2  control.o(.data)
    NumQ                                     0x20000138   Data          16  imu.o(.data)
    StatusInfo                               0x20000160   Data           2  usb_core.o(.data)
    Data_Mul_MaxPacketSize                   0x20000162   Data           1  usb_core.o(.data)
    EPindex                                  0x20000164   Data           1  usb_init.o(.data)
    pInformation                             0x20000168   Data           4  usb_init.o(.data)
    pProperty                                0x2000016c   Data           4  usb_init.o(.data)
    SaveState                                0x20000170   Data           2  usb_init.o(.data)
    wInterrupt_Mask                          0x20000172   Data           2  usb_init.o(.data)
    pUser_Standard_Requests                  0x20000174   Data           4  usb_init.o(.data)
    SaveRState                               0x20000178   Data           2  usb_int.o(.data)
    SaveTState                               0x2000017a   Data           2  usb_int.o(.data)
    CustomHID_StringSerial                   0x2000017c   Data          26  usb_desc.o(.data)
    wIstr                                    0x20000198   Data           2  usb_istr.o(.data)
    bIntPackSOF                              0x2000019a   Data           1  usb_istr.o(.data)
    pEpInt_IN                                0x2000019c   Data          28  usb_istr.o(.data)
    pEpInt_OUT                               0x200001b8   Data          28  usb_istr.o(.data)
    ProtocolValue                            0x200001d4   Data           4  usb_prop.o(.data)
    Device_Table                             0x200001d8   Data           2  usb_prop.o(.data)
    Device_Property                          0x200001dc   Data          48  usb_prop.o(.data)
    User_Standard_Requests                   0x2000020c   Data          36  usb_prop.o(.data)
    Device_Descriptor                        0x20000230   Data           8  usb_prop.o(.data)
    Config_Descriptor                        0x20000238   Data           8  usb_prop.o(.data)
    CustomHID_Report_Descriptor              0x20000240   Data           8  usb_prop.o(.data)
    CustomHID_Hid_Descriptor                 0x20000248   Data           8  usb_prop.o(.data)
    String_Descriptor                        0x20000250   Data          32  usb_prop.o(.data)
    bDeviceState                             0x20000270   Data           4  usb_pwr.o(.data)
    fSuspendEnabled                          0x20000274   Data           1  usb_pwr.o(.data)
    ResumeS                                  0x20000275   Data           2  usb_pwr.o(.data)
    MPU6050                                  0x2000027c   Data          12  init.o(.bss)
    Angle                                    0x20000288   Data          12  init.o(.bss)
    Remote                                   0x20000294   Data          24  init.o(.bss)
    pidRateX                                 0x200002ac   Data          52  init.o(.bss)
    pidRateY                                 0x200002e0   Data          52  init.o(.bss)
    pidRateZ                                 0x20000314   Data          52  init.o(.bss)
    pidPitch                                 0x20000348   Data          52  init.o(.bss)
    pidRoll                                  0x2000037c   Data          52  init.o(.bss)
    pidYaw                                   0x200003b0   Data          52  init.o(.bss)
    pidHeightRate                            0x200003e4   Data          52  init.o(.bss)
    pidHeightHigh                            0x20000418   Data          52  init.o(.bss)
    pidPositionX                             0x2000044c   Data          52  init.o(.bss)
    pidPositionY                             0x20000480   Data          52  init.o(.bss)
    pidPosRateX                              0x200004b4   Data          52  init.o(.bss)
    pidPosRateY                              0x200004e8   Data          52  init.o(.bss)
    Hid_RxData                               0x2000051c   Data          64  usb_hid.o(.bss)
    hid_datatemp                             0x2000055c   Data         256  usb_hid.o(.bss)
    MpuOffset                                0x2000065c   Data          12  mpu6050.o(.bss)
    flow_data                                0x20000674   Data          16  flow.o(.bss)
    GyroIntegError                           0x200006bc   Data          12  imu.o(.bss)
    Device_Info                              0x200006c8   Data          28  usb_init.o(.bss)
    Transi_Buffer                            0x200006e4   Data          64  usb_endp.o(.bss)
    __initial_sp                             0x20000d28   Data           0  startup_stm32f10x_md.o(STACK)



==============================================================================

Memory Map of the image

  Image Entry point : 0x080000ed

  Load Region LR_IROM1 (Base: 0x08000000, Size: 0x00006714, Max: 0x00010000, ABSOLUTE, COMPRESSED[0x00006578])

    Execution Region ER_IROM1 (Exec base: 0x08000000, Load base: 0x08000000, Size: 0x00006498, Max: 0x00010000, ABSOLUTE)

    Exec Addr    Load Addr    Size         Type   Attr      Idx    E Section Name        Object

    0x08000000   0x08000000   0x000000ec   Data   RO          105    RESET               startup_stm32f10x_md.o
    0x080000ec   0x080000ec   0x00000000   Code   RO         5224  * .ARM.Collect$$$$00000000  mc_w.l(entry.o)
    0x080000ec   0x080000ec   0x00000004   Code   RO         5316    .ARM.Collect$$$$00000001  mc_w.l(entry2.o)
    0x080000f0   0x080000f0   0x00000004   Code   RO         5319    .ARM.Collect$$$$00000004  mc_w.l(entry5.o)
    0x080000f4   0x080000f4   0x00000000   Code   RO         5321    .ARM.Collect$$$$00000008  mc_w.l(entry7b.o)
    0x080000f4   0x080000f4   0x00000000   Code   RO         5323    .ARM.Collect$$$$0000000A  mc_w.l(entry8b.o)
    0x080000f4   0x080000f4   0x00000008   Code   RO         5324    .ARM.Collect$$$$0000000B  mc_w.l(entry9a.o)
    0x080000fc   0x080000fc   0x00000000   Code   RO         5326    .ARM.Collect$$$$0000000D  mc_w.l(entry10a.o)
    0x080000fc   0x080000fc   0x00000000   Code   RO         5328    .ARM.Collect$$$$0000000F  mc_w.l(entry11a.o)
    0x080000fc   0x080000fc   0x00000004   Code   RO         5317    .ARM.Collect$$$$00002712  mc_w.l(entry2.o)
    0x08000100   0x08000100   0x00000024   Code   RO          106    .text               startup_stm32f10x_md.o
    0x08000124   0x08000124   0x000000b0   Code   RO         5233    .text               mf_w.l(fadd.o)
    0x080001d4   0x080001d4   0x00000064   Code   RO         5235    .text               mf_w.l(fmul.o)
    0x08000238   0x08000238   0x0000007c   Code   RO         5237    .text               mf_w.l(fdiv.o)
    0x080002b4   0x080002b4   0x0000014e   Code   RO         5239    .text               mf_w.l(dadd.o)
    0x08000402   0x08000402   0x000000e4   Code   RO         5241    .text               mf_w.l(dmul.o)
    0x080004e6   0x080004e6   0x00000012   Code   RO         5243    .text               mf_w.l(fflti.o)
    0x080004f8   0x080004f8   0x0000000a   Code   RO         5245    .text               mf_w.l(ffltui.o)
    0x08000502   0x08000502   0x0000001a   Code   RO         5249    .text               mf_w.l(dfltui.o)
    0x0800051c   0x0800051c   0x00000032   Code   RO         5251    .text               mf_w.l(ffixi.o)
    0x0800054e   0x0800054e   0x00000032   Code   RO         5253    .text               mf_w.l(dfixui.o)
    0x08000580   0x08000580   0x00000026   Code   RO         5255    .text               mf_w.l(f2d.o)
    0x080005a6   0x080005a6   0x00000038   Code   RO         5257    .text               mf_w.l(d2f.o)
    0x080005de   0x080005de   0x00000002   PAD
    0x080005e0   0x080005e0   0x00000014   Code   RO         5259    .text               mf_w.l(cfcmple.o)
    0x080005f4   0x080005f4   0x00000014   Code   RO         5261    .text               mf_w.l(cfrcmple.o)
    0x08000608   0x08000608   0x0000001e   Code   RO         5330    .text               mc_w.l(llshl.o)
    0x08000626   0x08000626   0x00000020   Code   RO         5332    .text               mc_w.l(llushr.o)
    0x08000646   0x08000646   0x00000024   Code   RO         5334    .text               mc_w.l(llsshr.o)
    0x0800066a   0x0800066a   0x00000000   Code   RO         5343    .text               mc_w.l(iusefp.o)
    0x0800066a   0x0800066a   0x0000006e   Code   RO         5344    .text               mf_w.l(fepilogue.o)
    0x080006d8   0x080006d8   0x00000018   Code   RO         5346    .text               mf_w.l(fscalb.o)
    0x080006f0   0x080006f0   0x0000003c   Code   RO         5348    .text               mf_w.l(frnd.o)
    0x0800072c   0x0800072c   0x000000ba   Code   RO         5350    .text               mf_w.l(depilogue.o)
    0x080007e6   0x080007e6   0x000000de   Code   RO         5352    .text               mf_w.l(ddiv.o)
    0x080008c4   0x080008c4   0x0000002e   Code   RO         5354    .text               mf_w.l(dscalb.o)
    0x080008f2   0x080008f2   0x00000002   PAD
    0x080008f4   0x080008f4   0x00000024   Code   RO         5356    .text               mc_w.l(init.o)
    0x08000918   0x08000918   0x000000a2   Code   RO         5360    .text               mf_w.l(dsqrt.o)
    0x080009ba   0x080009ba   0x00000056   Code   RO         5372    .text               mc_w.l(__dczerorl2.o)
    0x08000a10   0x08000a10   0x0000002c   Code   RO          362    i.ALL_Init          init.o
    0x08000a3c   0x08000a3c   0x00000318   Code   RO         3917    i.ANTO_Send         ano_dt.o
    0x08000d54   0x08000d54   0x00000248   Code   RO         3918    i.ANTO_polling      ano_dt.o
    0x08000f9c   0x08000f9c   0x00000214   Code   RO         3997    i.AutoFlightManager  control.o
    0x080011b0   0x080011b0   0x00000004   Code   RO          110    i.BusFault_Handler  stm32f10x_it.o
    0x080011b4   0x080011b4   0x0000000c   Code   RO         4548    i.ByteSwap          usb_regs.o
    0x080011c0   0x080011c0   0x00000328   Code   RO         4501    i.CTR_LP            usb_int.o
    0x080014e8   0x080014e8   0x00000034   Code   RO         4549    i.ClearDTOG_RX      usb_regs.o
    0x0800151c   0x0800151c   0x00000034   Code   RO         4550    i.ClearDTOG_TX      usb_regs.o
    0x08001550   0x08001550   0x00000020   Code   RO         4555    i.Clear_Status_Out  usb_regs.o
    0x08001570   0x08001570   0x0000007c   Code   RO         5035    i.CustomHID_Data_Setup  usb_prop.o
    0x080015ec   0x080015ec   0x00000014   Code   RO         5036    i.CustomHID_GetConfigDescriptor  usb_prop.o
    0x08001600   0x08001600   0x00000014   Code   RO         5037    i.CustomHID_GetDeviceDescriptor  usb_prop.o
    0x08001614   0x08001614   0x00000014   Code   RO         5038    i.CustomHID_GetHIDDescriptor  usb_prop.o
    0x08001628   0x08001628   0x0000001c   Code   RO         5039    i.CustomHID_GetProtocolValue  usb_prop.o
    0x08001644   0x08001644   0x00000014   Code   RO         5040    i.CustomHID_GetReportDescriptor  usb_prop.o
    0x08001658   0x08001658   0x00000028   Code   RO         5041    i.CustomHID_GetStringDescriptor  usb_prop.o
    0x08001680   0x08001680   0x00000016   Code   RO         5042    i.CustomHID_Get_Interface_Setting  usb_prop.o
    0x08001696   0x08001696   0x00000002   PAD
    0x08001698   0x08001698   0x00000024   Code   RO         5043    i.CustomHID_NoData_Setup  usb_prop.o
    0x080016bc   0x080016bc   0x000000c0   Code   RO         5044    i.CustomHID_Reset   usb_prop.o
    0x0800177c   0x0800177c   0x00000018   Code   RO         5045    i.CustomHID_SetConfiguration  usb_prop.o
    0x08001794   0x08001794   0x0000000c   Code   RO         5046    i.CustomHID_SetDeviceAddress  usb_prop.o
    0x080017a0   0x080017a0   0x00000018   Code   RO         5047    i.CustomHID_SetProtocol  usb_prop.o
    0x080017b8   0x080017b8   0x00000002   Code   RO         5048    i.CustomHID_Status_In  usb_prop.o
    0x080017ba   0x080017ba   0x00000002   Code   RO         5049    i.CustomHID_Status_Out  usb_prop.o
    0x080017bc   0x080017bc   0x00000044   Code   RO         5050    i.CustomHID_init    usb_prop.o
    0x08001800   0x08001800   0x000000c0   Code   RO         4331    i.DataStageIn       usb_core.o
    0x080018c0   0x080018c0   0x000000bc   Code   RO         4332    i.DataStageOut      usb_core.o
    0x0800197c   0x0800197c   0x00000298   Code   RO         4333    i.Data_Setup0       usb_core.o
    0x08001c14   0x08001c14   0x00000002   Code   RO          111    i.DebugMon_Handler  stm32f10x_it.o
    0x08001c16   0x08001c16   0x00000002   PAD
    0x08001c18   0x08001c18   0x00000024   Code   RO         4990    i.EP1_OUT_Callback  usb_endp.o
    0x08001c3c   0x08001c3c   0x00000018   Code   RO         4991    i.EP2_IN_Callback   usb_endp.o
    0x08001c54   0x08001c54   0x0000000c   Code   RO         4908    i.Enter_LowPowerMode  usb_config.o
    0x08001c60   0x08001c60   0x00000030   Code   RO         3653    i.FLASH_read        flash.o
    0x08001c90   0x08001c90   0x000001ac   Code   RO         3998    i.FlightPidControl  control.o
    0x08001e3c   0x08001e3c   0x00000284   Code   RO         3999    i.FlowPidControl    control.o
    0x080020c0   0x080020c0   0x00000116   Code   RO         1556    i.GPIO_Init         stm32f10x_gpio.o
    0x080021d6   0x080021d6   0x00000004   Code   RO         1563    i.GPIO_ResetBits    stm32f10x_gpio.o
    0x080021da   0x080021da   0x00000004   Code   RO         1564    i.GPIO_SetBits      stm32f10x_gpio.o
    0x080021de   0x080021de   0x00000002   PAD
    0x080021e0   0x080021e0   0x00000770   Code   RO         4172    i.GetAngle          imu.o
    0x08002950   0x08002950   0x00000020   Code   RO         4567    i.GetEPRxAddr       usb_regs.o
    0x08002970   0x08002970   0x00000020   Code   RO         4570    i.GetEPTxAddr       usb_regs.o
    0x08002990   0x08002990   0x00000024   Code   RO         4173    i.GetNormAccz       imu.o
    0x080029b4   0x080029b4   0x00000048   Code   RO         4909    i.Get_SerialNum     usb_config.o
    0x080029fc   0x080029fc   0x00000004   Code   RO          112    i.HardFault_Handler  stm32f10x_it.o
    0x08002a00   0x08002a00   0x000002d4   Code   RO         4000    i.HeightPidControl  control.o
    0x08002cd4   0x08002cd4   0x000000cc   Code   RO         3381    i.I2c_Ack           iic_software.o
    0x08002da0   0x08002da0   0x000000cc   Code   RO         3382    i.I2c_NoAck         iic_software.o
    0x08002e6c   0x08002e6c   0x000000c0   Code   RO         3383    i.I2c_ReadByte      iic_software.o
    0x08002f2c   0x08002f2c   0x000000c0   Code   RO         3384    i.I2c_SendByte      iic_software.o
    0x08002fec   0x08002fec   0x00000094   Code   RO         3385    i.I2c_Start         iic_software.o
    0x08003080   0x08003080   0x0000009c   Code   RO         3386    i.I2c_Stop          iic_software.o
    0x0800311c   0x0800311c   0x000000b4   Code   RO         3387    i.I2c_WaitAck       iic_software.o
    0x080031d0   0x080031d0   0x0000002c   Code   RO         3388    i.IIC_Init          iic_software.o
    0x080031fc   0x080031fc   0x00000064   Code   RO         3389    i.IIC_Read_One_Byte  iic_software.o
    0x08003260   0x08003260   0x00000044   Code   RO         3391    i.IIC_Write_One_Byte  iic_software.o
    0x080032a4   0x080032a4   0x0000008c   Code   RO         3392    i.IIC_read_Bytes    iic_software.o
    0x08003330   0x08003330   0x00000070   Code   RO         4334    i.In0_Process       usb_core.o
    0x080033a0   0x080033a0   0x00000020   Code   RO         4910    i.Leave_LowPowerMode  usb_config.o
    0x080033c0   0x080033c0   0x00000004   Code   RO          113    i.MemManage_Handler  stm32f10x_it.o
    0x080033c4   0x080033c4   0x00000304   Code   RO         4001    i.MotorControl      control.o
    0x080036c8   0x080036c8   0x000000f4   Code   RO         3770    i.MpuGetData        mpu6050.o
    0x080037bc   0x080037bc   0x00000084   Code   RO         3772    i.MpuInit           mpu6050.o
    0x08003840   0x08003840   0x00000002   Code   RO          114    i.NMI_Handler       stm32f10x_it.o
    0x08003842   0x08003842   0x00000002   Code   RO         4335    i.NOP_Process       usb_core.o
    0x08003844   0x08003844   0x0000004c   Code   RO         3695    i.NRF24L01_Check    nrf24l01.o
    0x08003890   0x08003890   0x0000006c   Code   RO         3696    i.NRF24L01_Configuration  nrf24l01.o
    0x080038fc   0x080038fc   0x00000044   Code   RO         3697    i.NRF24L01_Read_Buf  nrf24l01.o
    0x08003940   0x08003940   0x00000044   Code   RO         3701    i.NRF24L01_Write_Buf  nrf24l01.o
    0x08003984   0x08003984   0x00000030   Code   RO         3702    i.NRF24L01_Write_Reg  nrf24l01.o
    0x080039b4   0x080039b4   0x00000016   Code   RO         3703    i.NRF24L01_init     nrf24l01.o
    0x080039ca   0x080039ca   0x00000002   PAD
    0x080039cc   0x080039cc   0x00000070   Code   RO          387    i.NVIC_Init         misc.o
    0x08003a3c   0x08003a3c   0x00000014   Code   RO          388    i.NVIC_PriorityGroupConfig  misc.o
    0x08003a50   0x08003a50   0x00000144   Code   RO         4336    i.NoData_Setup0     usb_core.o
    0x08003b94   0x08003b94   0x00000050   Code   RO         4337    i.Out0_Process      usb_core.o
    0x08003be4   0x08003be4   0x00000028   Code   RO         4530    i.PMAToUserBufferCopy  usb_mem.o
    0x08003c0c   0x08003c0c   0x00000002   Code   RO          115    i.PendSV_Handler    stm32f10x_it.o
    0x08003c0e   0x08003c0e   0x00000002   PAD
    0x08003c10   0x08003c10   0x0000011c   Code   RO         3677    i.PilotLED          led.o
    0x08003d2c   0x08003d2c   0x00000048   Code   RO         4338    i.Post0_Process     usb_core.o
    0x08003d74   0x08003d74   0x00000040   Code   RO         5149    i.PowerOn           usb_pwr.o
    0x08003db4   0x08003db4   0x00000050   Code   RO         4207    i.Q_rsqrt           mymath.o
    0x08003e04   0x08003e04   0x00000020   Code   RO         1978    i.RCC_APB1PeriphClockCmd  stm32f10x_rcc.o
    0x08003e24   0x08003e24   0x00000020   Code   RO         1980    i.RCC_APB2PeriphClockCmd  stm32f10x_rcc.o
    0x08003e44   0x08003e44   0x0000000c   Code   RO         2006    i.RCC_USBCLKConfig  stm32f10x_rcc.o
    0x08003e50   0x08003e50   0x00000058   Code   RO         3704    i.RX_Mode           nrf24l01.o
    0x08003ea8   0x08003ea8   0x000000b0   Code   RO         5150    i.Resume            usb_pwr.o
    0x08003f58   0x08003f58   0x00000024   Code   RO         5151    i.Resume_Init       usb_pwr.o
    0x08003f7c   0x08003f7c   0x0000006c   Code   RO         3558    i.SPI_Config        spi.o
    0x08003fe8   0x08003fe8   0x00000064   Code   RO         3559    i.SPI_RW            spi.o
    0x0800404c   0x0800404c   0x00000002   Code   RO          116    i.SVC_Handler       stm32f10x_it.o
    0x0800404e   0x0800404e   0x00000002   PAD
    0x08004050   0x08004050   0x00000010   Code   RO         4578    i.SetBTABLE         usb_regs.o
    0x08004060   0x08004060   0x0000004c   Code   RO         4339    i.SetDeviceAddress  usb_core.o
    0x080040ac   0x080040ac   0x00000024   Code   RO         4592    i.SetEPRxAddr       usb_regs.o
    0x080040d0   0x080040d0   0x0000004c   Code   RO         4593    i.SetEPRxCount      usb_regs.o
    0x0800411c   0x0800411c   0x00000038   Code   RO         4594    i.SetEPRxStatus     usb_regs.o
    0x08004154   0x08004154   0x0000002c   Code   RO         4595    i.SetEPRxValid      usb_regs.o
    0x08004180   0x08004180   0x00000020   Code   RO         4596    i.SetEPTxAddr       usb_regs.o
    0x080041a0   0x080041a0   0x0000001c   Code   RO         4597    i.SetEPTxCount      usb_regs.o
    0x080041bc   0x080041bc   0x00000038   Code   RO         4598    i.SetEPTxStatus     usb_regs.o
    0x080041f4   0x080041f4   0x0000002c   Code   RO         4599    i.SetEPTxValid      usb_regs.o
    0x08004220   0x08004220   0x00000024   Code   RO         4600    i.SetEPType         usb_regs.o
    0x08004244   0x08004244   0x00000008   Code   RO           17    i.SetSysClock       system_stm32f10x.o
    0x0800424c   0x0800424c   0x000000e0   Code   RO           18    i.SetSysClockTo72   system_stm32f10x.o
    0x0800432c   0x0800432c   0x00000012   Code   RO         4911    i.Set_USBClock      usb_config.o
    0x0800433e   0x0800433e   0x00000002   PAD
    0x08004340   0x08004340   0x000000b0   Code   RO         4340    i.Setup0_Process    usb_core.o
    0x080043f0   0x080043f0   0x0000015c   Code   RO         4341    i.Standard_ClearFeature  usb_core.o
    0x0800454c   0x0800454c   0x0000002c   Code   RO         4342    i.Standard_GetConfiguration  usb_core.o
    0x08004578   0x08004578   0x00000024   Code   RO         4343    i.Standard_GetDescriptorData  usb_core.o
    0x0800459c   0x0800459c   0x0000002c   Code   RO         4344    i.Standard_GetInterface  usb_core.o
    0x080045c8   0x080045c8   0x000000f0   Code   RO         4345    i.Standard_GetStatus  usb_core.o
    0x080046b8   0x080046b8   0x00000048   Code   RO         4346    i.Standard_SetConfiguration  usb_core.o
    0x08004700   0x08004700   0x00000028   Code   RO         4347    i.Standard_SetDeviceFeature  usb_core.o
    0x08004728   0x08004728   0x000000c0   Code   RO         4348    i.Standard_SetEndPointFeature  usb_core.o
    0x080047e8   0x080047e8   0x0000006c   Code   RO         4349    i.Standard_SetInterface  usb_core.o
    0x08004854   0x08004854   0x00000028   Code   RO         5152    i.Suspend           usb_pwr.o
    0x0800487c   0x0800487c   0x00000010   Code   RO          297    i.SysTick_Handler   delay.o
    0x0800488c   0x0800488c   0x00000060   Code   RO           20    i.SystemInit        system_stm32f10x.o
    0x080048ec   0x080048ec   0x00000064   Code   RO         3507    i.TIM1_Config       tim.o
    0x08004950   0x08004950   0x000000c4   Code   RO          345    i.TIM1_UP_IRQHandler  scheduler.o
    0x08004a14   0x08004a14   0x000000c8   Code   RO         3508    i.TIM2_PWM_Config   tim.o
    0x08004adc   0x08004adc   0x000000e0   Code   RO         3509    i.TIM3_PWM_Config   tim.o
    0x08004bbc   0x08004bbc   0x00000018   Code   RO         2603    i.TIM_ARRPreloadConfig  stm32f10x_tim.o
    0x08004bd4   0x08004bd4   0x00000006   Code   RO         2610    i.TIM_ClearITPendingBit  stm32f10x_tim.o
    0x08004bda   0x08004bda   0x00000018   Code   RO         2615    i.TIM_Cmd           stm32f10x_tim.o
    0x08004bf2   0x08004bf2   0x00000022   Code   RO         2636    i.TIM_GetITStatus   stm32f10x_tim.o
    0x08004c14   0x08004c14   0x00000012   Code   RO         2640    i.TIM_ITConfig      stm32f10x_tim.o
    0x08004c26   0x08004c26   0x00000002   PAD
    0x08004c28   0x08004c28   0x00000098   Code   RO         2644    i.TIM_OC1Init       stm32f10x_tim.o
    0x08004cc0   0x08004cc0   0x00000012   Code   RO         2647    i.TIM_OC1PreloadConfig  stm32f10x_tim.o
    0x08004cd2   0x08004cd2   0x00000002   PAD
    0x08004cd4   0x08004cd4   0x000000a4   Code   RO         2649    i.TIM_OC2Init       stm32f10x_tim.o
    0x08004d78   0x08004d78   0x0000001a   Code   RO         2652    i.TIM_OC2PreloadConfig  stm32f10x_tim.o
    0x08004d92   0x08004d92   0x00000002   PAD
    0x08004d94   0x08004d94   0x000000a0   Code   RO         2654    i.TIM_OC3Init       stm32f10x_tim.o
    0x08004e34   0x08004e34   0x00000012   Code   RO         2657    i.TIM_OC3PreloadConfig  stm32f10x_tim.o
    0x08004e46   0x08004e46   0x00000002   PAD
    0x08004e48   0x08004e48   0x0000007c   Code   RO         2659    i.TIM_OC4Init       stm32f10x_tim.o
    0x08004ec4   0x08004ec4   0x0000001a   Code   RO         2661    i.TIM_OC4PreloadConfig  stm32f10x_tim.o
    0x08004ede   0x08004ede   0x00000002   PAD
    0x08004ee0   0x08004ee0   0x000000a4   Code   RO         2686    i.TIM_TimeBaseInit  stm32f10x_tim.o
    0x08004f84   0x08004f84   0x00000002   Code   RO         4912    i.USB_Cable_Config  usb_config.o
    0x08004f86   0x08004f86   0x00000002   PAD
    0x08004f88   0x08004f88   0x00000058   Code   RO         4913    i.USB_Connect       usb_config.o
    0x08004fe0   0x08004fe0   0x0000002c   Code   RO         3579    i.USB_HID_Init      usb_hid.o
    0x0800500c   0x0800500c   0x0000003c   Code   RO         4477    i.USB_Init          usb_init.o
    0x08005048   0x08005048   0x00000022   Code   RO         4915    i.USB_Interrupts_Config  usb_config.o
    0x0800506a   0x0800506a   0x00000002   PAD
    0x0800506c   0x0800506c   0x000000f8   Code   RO         5014    i.USB_Istr          usb_istr.o
    0x08005164   0x08005164   0x00000008   Code   RO          117    i.USB_LP_CAN1_RX0_IRQHandler  stm32f10x_it.o
    0x0800516c   0x0800516c   0x00000004   Code   RO          118    i.UsageFault_Handler  stm32f10x_it.o
    0x08005170   0x08005170   0x0000002c   Code   RO         3580    i.Usb_Hid_Adddata   usb_hid.o
    0x0800519c   0x0800519c   0x000001d0   Code   RO         3582    i.Usb_Hid_Send      usb_hid.o
    0x0800536c   0x0800536c   0x00000038   Code   RO         4531    i.UserToPMABufferCopy  usb_mem.o
    0x080053a4   0x080053a4   0x00000028   Code   RO         5277    i.__ARM_fpclassify  m_ws.l(fpclassify.o)
    0x080053cc   0x080053cc   0x00000026   Code   RO         5279    i.__ARM_fpclassifyf  m_ws.l(fpclassifyf.o)
    0x080053f2   0x080053f2   0x000000aa   Code   RO         5295    i.__kernel_poly     m_ws.l(poly.o)
    0x0800549c   0x0800549c   0x00000006   Code   RO         5264    i.__mathlib_dbl_infnan  m_ws.l(dunder.o)
    0x080054a2   0x080054a2   0x0000000c   Code   RO         5266    i.__mathlib_dbl_invalid  m_ws.l(dunder.o)
    0x080054ae   0x080054ae   0x00000002   PAD
    0x080054b0   0x080054b0   0x00000010   Code   RO         5269    i.__mathlib_dbl_underflow  m_ws.l(dunder.o)
    0x080054c0   0x080054c0   0x00000006   Code   RO         5282    i.__mathlib_flt_infnan  m_ws.l(funder.o)
    0x080054c6   0x080054c6   0x00000004   Code   RO         5283    i.__mathlib_flt_infnan2  m_ws.l(funder.o)
    0x080054ca   0x080054ca   0x00000008   Code   RO         5284    i.__mathlib_flt_invalid  m_ws.l(funder.o)
    0x080054d2   0x080054d2   0x0000000a   Code   RO         5287    i.__mathlib_flt_underflow  m_ws.l(funder.o)
    0x080054dc   0x080054dc   0x00000168   Code   RO         5297    i.__mathlib_rredf2  m_ws.l(rredf.o)
    0x08005644   0x08005644   0x0000000e   Code   RO         5366    i.__scatterload_copy  mc_w.l(handlers.o)
    0x08005652   0x08005652   0x00000002   Code   RO         5367    i.__scatterload_null  mc_w.l(handlers.o)
    0x08005654   0x08005654   0x0000000e   Code   RO         5368    i.__scatterload_zeroinit  mc_w.l(handlers.o)
    0x08005662   0x08005662   0x00000002   PAD
    0x08005664   0x08005664   0x0000000c   Code   RO         5338    i.__set_errno       mc_w.l(errno.o)
    0x08005670   0x08005670   0x00000270   Code   RO         5191    i.asin              m_ws.l(asin.o)
    0x080058e0   0x080058e0   0x0000025c   Code   RO         5209    i.atan2f            m_ws.l(atan2f.o)
    0x08005b3c   0x08005b3c   0x00000060   Code   RO          298    i.cycleCounterInit  delay.o
    0x08005b9c   0x08005b9c   0x00000024   Code   RO          299    i.delay_ms          delay.o
    0x08005bc0   0x08005bc0   0x000002d0   Code   RO         3886    i.flow_data_sins    flow.o
    0x08005e90   0x08005e90   0x000000b4   Code   RO         3887    i.flow_get_data     flow.o
    0x08005f44   0x08005f44   0x00000058   Code   RO         4104    i.kalman_1          kalman.o
    0x08005f9c   0x08005f9c   0x00000078   Code   RO          187    i.main              main.o
    0x08006014   0x08006014   0x00000032   Code   RO         4305    i.pidRest           pid.o
    0x08006046   0x08006046   0x00000072   Code   RO         4306    i.pidUpdate         pid.o
    0x080060b8   0x080060b8   0x000000e4   Code   RO          363    i.pid_param_Init    init.o
    0x0800619c   0x0800619c   0x0000004c   Code   RO         5301    i.sqrt              m_ws.l(sqrt.o)
    0x080061e8   0x080061e8   0x00000174   Code   RO         5217    i.tanf              m_ws.l(tanf.o)
    0x0800635c   0x0800635c   0x0000000a   Data   RO         3705    .constdata          nrf24l01.o
    0x08006366   0x08006366   0x00000002   PAD
    0x08006368   0x08006368   0x00000018   Data   RO         4220    .constdata          mymath.o
    0x08006380   0x08006380   0x00000086   Data   RO         4977    .constdata          usb_desc.o
    0x08006406   0x08006406   0x00000002   PAD
    0x08006408   0x08006408   0x00000050   Data   RO         5192    .constdata          m_ws.l(asin.o)
    0x08006458   0x08006458   0x00000020   Data   RO         5298    .constdata          m_ws.l(rredf.o)
    0x08006478   0x08006478   0x00000020   Data   RO         5364    Region$$Table       anon$$obj.o


    Execution Region RW_IRAM1 (Exec base: 0x20000000, Load base: 0x08006498, Size: 0x00000d28, Max: 0x00005000, ABSOLUTE, COMPRESSED[0x000000e0])

    Exec Addr    Load Addr    Size         Type   Attr      Idx    E Section Name        Object

    0x20000000   COMPRESSED   0x00000014   Data   RW           21    .data               system_stm32f10x.o
    0x20000014   COMPRESSED   0x00000008   Data   RW          301    .data               delay.o
    0x2000001c   COMPRESSED   0x00000003   Data   RW          346    .data               scheduler.o
    0x2000001f   COMPRESSED   0x00000001   PAD
    0x20000020   COMPRESSED   0x0000000e   Data   RW          365    .data               init.o
    0x2000002e   COMPRESSED   0x00000005   Data   RW         3584    .data               usb_hid.o
    0x20000033   COMPRESSED   0x00000001   PAD
    0x20000034   COMPRESSED   0x0000000e   Data   RW         3655    .data               flash.o
    0x20000042   COMPRESSED   0x00000002   PAD
    0x20000044   COMPRESSED   0x00000008   Data   RW         3678    .data               led.o
    0x2000004c   COMPRESSED   0x0000004c   Data   RW         3775    .data               mpu6050.o
    0x20000098   COMPRESSED   0x00000047   Data   RW         3889    .data               flow.o
    0x200000df   COMPRESSED   0x00000001   PAD
    0x200000e0   COMPRESSED   0x00000004   Data   RW         3920    .data               ano_dt.o
    0x200000e4   COMPRESSED   0x00000050   Data   RW         4002    .data               control.o
    0x20000134   COMPRESSED   0x0000002c   Data   RW         4176    .data               imu.o
    0x20000160   COMPRESSED   0x00000003   Data   RW         4350    .data               usb_core.o
    0x20000163   COMPRESSED   0x00000001   PAD
    0x20000164   COMPRESSED   0x00000014   Data   RW         4479    .data               usb_init.o
    0x20000178   COMPRESSED   0x00000004   Data   RW         4502    .data               usb_int.o
    0x2000017c   COMPRESSED   0x0000001a   Data   RW         4978    .data               usb_desc.o
    0x20000196   COMPRESSED   0x00000002   PAD
    0x20000198   COMPRESSED   0x0000003c   Data   RW         5015    .data               usb_istr.o
    0x200001d4   COMPRESSED   0x0000009c   Data   RW         5051    .data               usb_prop.o
    0x20000270   COMPRESSED   0x00000007   Data   RW         5153    .data               usb_pwr.o
    0x20000277   COMPRESSED   0x00000001   PAD
    0x20000278   COMPRESSED   0x00000004   Data   RW         5339    .data               mc_w.l(errno.o)
    0x2000027c        -       0x000002a0   Zero   RW          364    .bss                init.o
    0x2000051c        -       0x00000140   Zero   RW         3583    .bss                usb_hid.o
    0x2000065c        -       0x00000018   Zero   RW         3774    .bss                mpu6050.o
    0x20000674        -       0x00000010   Zero   RW         3888    .bss                flow.o
    0x20000684        -       0x00000036   Zero   RW         3919    .bss                ano_dt.o
    0x200006ba   COMPRESSED   0x00000002   PAD
    0x200006bc        -       0x0000000c   Zero   RW         4175    .bss                imu.o
    0x200006c8        -       0x0000001c   Zero   RW         4478    .bss                usb_init.o
    0x200006e4        -       0x00000040   Zero   RW         4992    .bss                usb_endp.o
    0x20000724   COMPRESSED   0x00000004   PAD
    0x20000728        -       0x00000600   Zero   RW          103    STACK               startup_stm32f10x_md.o


==============================================================================

Image component sizes


      Code (inc. data)   RO Data    RW Data    ZI Data      Debug   Object Name

      1376        106          0          4         54       3258   ano_dt.o
      3100        332          0         80          0       5072   control.o
         0          0          0          0          0       4532   core_cm3.o
       148         26          0          8          0       1971   delay.o
        48          8          0         14          0       1171   flash.o
       900        108          0         71         16       2922   flow.o
      1628         38          0          0          0       7441   iic_software.o
      1940         58          0         44         12       2319   imu.o
       272         94          0         14        672       3175   init.o
        88          0          0          0          0       1471   kalman.o
       284         20          0          8          0       2281   led.o
       120         12          0          0          0     218986   main.o
       132         22          0          0          0       1335   misc.o
       376         28          0         76         24       4582   mpu6050.o
        80          6         24          0          0        885   mymath.o
       478         42         10          0          0       4826   nrf24l01.o
       164          0          0          0          0       1326   pid.o
       196         44          0          3          0        589   scheduler.o
       208         10          0          0          0       1030   spi.o
        36          8        236          0       1536        760   startup_stm32f10x_md.o
       286          0          0          0          0       2776   stm32f10x_gpio.o
        32          0          0          0          0       3641   stm32f10x_it.o
        76         18          0          0          0       1473   stm32f10x_rcc.o
       958         92          0          0          0       8401   stm32f10x_tim.o
       328         28          0         20          0      36929   system_stm32f10x.o
       524         26          0          0          0       1758   tim.o
       258         34          0          0          0       3726   usb_config.o
      3010        288          0          3          0      15879   usb_core.o
         0          0        134         26          0        972   usb_desc.o
        60         12          0          0         64       1397   usb_endp.o
       552         40          0          5        320       5238   usb_hid.o
        60         24          0         20         28       3838   usb_init.o
       808         34          0          4          0       1561   usb_int.o
       248         26          0         60          0       1196   usb_istr.o
        96         10          0          0          0       1568   usb_mem.o
       654        116          0        156          0      11701   usb_prop.o
       316         38          0          7          0       3162   usb_pwr.o
       636         96          0          0          0       8156   usb_regs.o

    ----------------------------------------------------------------------
     20504       1844        440        632       2732     383304   Object Totals
         0          0         32          0          0          0   (incl. Generated)
        28          0          4          9          6          0   (incl. Padding)

    ----------------------------------------------------------------------

      Code (inc. data)   RO Data    RW Data    ZI Data      Debug   Library Member Name

       624         52         80          0          0        168   asin.o
       604         76          0          0          0        116   atan2f.o
        34          6          0          0          0        204   dunder.o
        40          0          0          0          0         68   fpclassify.o
        38          0          0          0          0         68   fpclassifyf.o
        28          0          0          0          0        272   funder.o
       170          0          0          0          0         96   poly.o
       360         16         32          0          0         88   rredf.o
        76          0          0          0          0         84   sqrt.o
       372         58          0          0          0        124   tanf.o
        86          0          0          0          0          0   __dczerorl2.o
         0          0          0          0          0          0   entry.o
         0          0          0          0          0          0   entry10a.o
         0          0          0          0          0          0   entry11a.o
         8          4          0          0          0          0   entry2.o
         4          0          0          0          0          0   entry5.o
         0          0          0          0          0          0   entry7b.o
         0          0          0          0          0          0   entry8b.o
         8          4          0          0          0          0   entry9a.o
        12          6          0          4          0         68   errno.o
        30          0          0          0          0          0   handlers.o
        36          8          0          0          0         68   init.o
         0          0          0          0          0          0   iusefp.o
        30          0          0          0          0         68   llshl.o
        36          0          0          0          0         68   llsshr.o
        32          0          0          0          0         68   llushr.o
        20          0          0          0          0         68   cfcmple.o
        20          0          0          0          0         68   cfrcmple.o
        56          0          0          0          0         88   d2f.o
       334          0          0          0          0        148   dadd.o
       222          0          0          0          0        100   ddiv.o
       186          0          0          0          0        176   depilogue.o
        50          0          0          0          0         76   dfixui.o
        26          0          0          0          0         76   dfltui.o
       228          0          0          0          0         96   dmul.o
        46          0          0          0          0         80   dscalb.o
       162          0          0          0          0        100   dsqrt.o
        38          0          0          0          0         68   f2d.o
       176          0          0          0          0        140   fadd.o
       124          0          0          0          0         88   fdiv.o
       110          0          0          0          0        168   fepilogue.o
        50          0          0          0          0         68   ffixi.o
        18          0          0          0          0         68   fflti.o
        10          0          0          0          0         68   ffltui.o
       100          0          0          0          0         76   fmul.o
        60          0          0          0          0         76   frnd.o
        24          0          0          0          0         68   fscalb.o

    ----------------------------------------------------------------------
      4696        230        112          4          0       3592   Library Totals
         8          0          0          0          0          0   (incl. Padding)

    ----------------------------------------------------------------------

      Code (inc. data)   RO Data    RW Data    ZI Data      Debug   Library Name

      2346        208        112          0          0       1288   m_ws.l
       282         22          0          4          0        340   mc_w.l
      2060          0          0          0          0       1964   mf_w.l

    ----------------------------------------------------------------------
      4696        230        112          4          0       3592   Library Totals

    ----------------------------------------------------------------------

==============================================================================


      Code (inc. data)   RO Data    RW Data    ZI Data      Debug   

     25200       2074        552        636       2732     377300   Grand Totals
     25200       2074        552        224       2732     377300   ELF Image Totals (compressed)
     25200       2074        552        224          0          0   ROM Totals

==============================================================================

    Total RO  Size (Code + RO Data)                25752 (  25.15kB)
    Total RW  Size (RW Data + ZI Data)              3368 (   3.29kB)
    Total ROM Size (Code + RO Data + RW Data)      25976 (  25.37kB)

==============================================================================

